<?xml version="1.0" encoding="utf-8"?>
<TestRun id="fc0b818d-429f-4719-8eb4-40bc70151a64" name="@Henrys-MacBook-Pro-2 2026-05-12 16:37:24" xmlns="http://microsoft.com/schemas/VisualStudio/TeamTest/2010">
  <Times creation="2026-05-12T16:37:24.6803860-05:00" queuing="2026-05-12T16:37:24.6803860-05:00" start="2026-05-12T16:37:23.8871830-05:00" finish="2026-05-12T16:37:24.7107780-05:00" />
  <TestSettings name="default" id="6f398f01-6458-4f60-9339-2b98c6d7a03c">
    <Deployment runDeploymentRoot="_Henrys-MacBook-Pro-2_2026-05-12_16_37_24" />
  </TestSettings>
  <Results>
    <UnitTestResult executionId="67be5955-4e42-4903-a859-0f332eafad52" testId="11b3c2d4-08f2-f5eb-bef4-1aeabdd49f3d" testName="GestorCampo.Tests.Auth.AuthServiceTests.Login_With2faEnabled_ReturnsRequires2fa" computerName="Henrys-MacBook-Pro-2" duration="00:00:00.0016689" startTime="2026-05-12T16:37:24.6587990-05:00" endTime="2026-05-12T16:37:24.6587990-05:00" testType="13cdc9d9-ddb5-4fa4-a97d-d965ccfc6d4b" outcome="Passed" testListId="8c84fa94-04c1-424b-9868-57a2d4851a1d" relativeResultsDirectory="67be5955-4e42-4903-a859-0f332eafad52" />
    <UnitTestResult executionId="9d9e924c-2348-4528-bef7-b0e2e8aa6c4c" testId="088683b2-a9d3-ef0b-e6ad-6a61c597dc7f" testName="GestorCampo.Tests.Clients.ClientServiceTests.GetList_SuperAdmin_PassesRequestVendorFilter" computerName="Henrys-MacBook-Pro-2" duration="00:00:00.0020854" startTime="2026-05-12T16:37:24.6585350-05:00" endTime="2026-05-12T16:37:24.6585350-05:00" testType="13cdc9d9-ddb5-4fa4-a97d-d965ccfc6d4b" outcome="Passed" testListId="8c84fa94-04c1-424b-9868-57a2d4851a1d" relativeResultsDirectory="9d9e924c-2348-4528-bef7-b0e2e8aa6c4c" />
    <UnitTestResult executionId="5fe4f612-113b-4a73-a240-a011ae2741f5" testId="25da81aa-c336-44f6-6cfc-d20c0f541025" testName="GestorCampo.Tests.Clients.ClientServiceTests.Create_VendorIdWithSupervisorRole_ReturnsFail" computerName="Henrys-MacBook-Pro-2" duration="00:00:00.0008771" startTime="2026-05-12T16:37:24.6590010-05:00" endTime="2026-05-12T16:37:24.6590010-05:00" testType="13cdc9d9-ddb5-4fa4-a97d-d965ccfc6d4b" outcome="Passed" testListId="8c84fa94-04c1-424b-9868-57a2d4851a1d" relativeResultsDirectory="5fe4f612-113b-4a73-a240-a011ae2741f5" />
    <UnitTestResult executionId="9939872e-474d-4f3c-b591-eb4d9ce39fb8" testId="a921c39b-0eed-0668-ff59-9224e05f8eeb" testName="GestorCampo.Tests.Auth.AuthServiceTests.ResetPassword_WithExpiredToken_ReturnsFail" computerName="Henrys-MacBook-Pro-2" duration="00:00:00.0004247" startTime="2026-05-12T16:37:24.6612280-05:00" endTime="2026-05-12T16:37:24.6612280-05:00" testType="13cdc9d9-ddb5-4fa4-a97d-d965ccfc6d4b" outcome="Passed" testListId="8c84fa94-04c1-424b-9868-57a2d4851a1d" relativeResultsDirectory="9939872e-474d-4f3c-b591-eb4d9ce39fb8" />
    <UnitTestResult executionId="7644d89e-8130-431c-8908-5bf7a4d6d78b" testId="b703d022-d280-ec73-87d0-a4b5a49e5d53" testName="GestorCampo.Tests.Auth.AuthServiceTests.Login_WithInactiveUser_ReturnsFail" computerName="Henrys-MacBook-Pro-2" duration="00:00:00.0007415" startTime="2026-05-12T16:37:24.6579990-05:00" endTime="2026-05-12T16:37:24.6579990-05:00" testType="13cdc9d9-ddb5-4fa4-a97d-d965ccfc6d4b" outcome="Passed" testListId="8c84fa94-04c1-424b-9868-57a2d4851a1d" relativeResultsDirectory="7644d89e-8130-431c-8908-5bf7a4d6d78b" />
    <UnitTestResult executionId="b5d7549d-b28d-44d6-8755-d46709f5313e" testId="58d9d6ee-9d85-a98d-8fba-809ba4a51f33" testName="GestorCampo.Tests.Users.UserServiceTests.Delete_OwnAccount_ReturnsFail" computerName="Henrys-MacBook-Pro-2" duration="00:00:00.0006259" startTime="2026-05-12T16:37:24.6590520-05:00" endTime="2026-05-12T16:37:24.6590520-05:00" testType="13cdc9d9-ddb5-4fa4-a97d-d965ccfc6d4b" outcome="Passed" testListId="8c84fa94-04c1-424b-9868-57a2d4851a1d" relativeResultsDirectory="b5d7549d-b28d-44d6-8755-d46709f5313e" />
    <UnitTestResult executionId="fbfe4312-58a3-4835-9363-7ee48ffed166" testId="1e77820f-048d-6ed9-ac6f-0851dbd301e2" testName="GestorCampo.Tests.Users.UserServiceTests.Unblock_ValidUser_ClearsLockAndResetAttempts" computerName="Henrys-MacBook-Pro-2" duration="00:00:00.0015865" startTime="2026-05-12T16:37:24.6591090-05:00" endTime="2026-05-12T16:37:24.6591090-05:00" testType="13cdc9d9-ddb5-4fa4-a97d-d965ccfc6d4b" outcome="Passed" testListId="8c84fa94-04c1-424b-9868-57a2d4851a1d" relativeResultsDirectory="fbfe4312-58a3-4835-9363-7ee48ffed166" />
    <UnitTestResult executionId="0566e0ce-2249-4386-acbc-d6ab2f5c5ea9" testId="404b394d-39f2-a5fd-a85f-1a88ec6f8d1c" testName="GestorCampo.Tests.Users.UserServiceTests.Toggle2FA_WhenDisabled_Enables" computerName="Henrys-MacBook-Pro-2" duration="00:00:00.0009459" startTime="2026-05-12T16:37:24.6590850-05:00" endTime="2026-05-12T16:37:24.6590850-05:00" testType="13cdc9d9-ddb5-4fa4-a97d-d965ccfc6d4b" outcome="Passed" testListId="8c84fa94-04c1-424b-9868-57a2d4851a1d" relativeResultsDirectory="0566e0ce-2249-4386-acbc-d6ab2f5c5ea9" />
    <UnitTestResult executionId="0b0bb02b-a755-4a02-be96-72080f6d61aa" testId="aa17b198-a9fb-a8c7-4d46-98e5ade0e3f2" testName="GestorCampo.Tests.Auth.AuthServiceTests.Verify2fa_WithInvalidCode_ReturnsFail" computerName="Henrys-MacBook-Pro-2" duration="00:00:00.0040102" startTime="2026-05-12T16:37:24.6711650-05:00" endTime="2026-05-12T16:37:24.6711650-05:00" testType="13cdc9d9-ddb5-4fa4-a97d-d965ccfc6d4b" outcome="Passed" testListId="8c84fa94-04c1-424b-9868-57a2d4851a1d" relativeResultsDirectory="0b0bb02b-a755-4a02-be96-72080f6d61aa" />
    <UnitTestResult executionId="285a160f-08be-4781-9947-ee02875a002a" testId="0530a7c8-889d-e023-8d7b-b55975d38ca1" testName="GestorCampo.Tests.Users.UserServiceTests.Toggle2FA_WhenEnabled_Disables" computerName="Henrys-MacBook-Pro-2" duration="00:00:00.0014337" startTime="2026-05-12T16:37:24.6580170-05:00" endTime="2026-05-12T16:37:24.6580170-05:00" testType="13cdc9d9-ddb5-4fa4-a97d-d965ccfc6d4b" outcome="Passed" testListId="8c84fa94-04c1-424b-9868-57a2d4851a1d" relativeResultsDirectory="285a160f-08be-4781-9947-ee02875a002a" />
    <UnitTestResult executionId="7e6f9983-0cd6-47dd-83e4-63bdd653a604" testId="c084ad0f-23b8-abcc-5a22-e0fa71b36392" testName="GestorCampo.Tests.Clients.ClientServiceTests.GetList_Vendor_ForcesVendorIdAsFilter" computerName="Henrys-MacBook-Pro-2" duration="00:00:00.0013330" startTime="2026-05-12T16:37:24.6588320-05:00" endTime="2026-05-12T16:37:24.6588320-05:00" testType="13cdc9d9-ddb5-4fa4-a97d-d965ccfc6d4b" outcome="Passed" testListId="8c84fa94-04c1-424b-9868-57a2d4851a1d" relativeResultsDirectory="7e6f9983-0cd6-47dd-83e4-63bdd653a604" />
    <UnitTestResult executionId="8ca5837c-a03e-4bff-ab3f-139e5509259f" testId="fbe02319-f4f0-9e46-cb3e-9e4d1bda6fa0" testName="GestorCampo.Tests.Clients.ClientServiceTests.GetById_VendorAccessesOwnClient_ReturnsOk" computerName="Henrys-MacBook-Pro-2" duration="00:00:00.0006387" startTime="2026-05-12T16:37:24.6582720-05:00" endTime="2026-05-12T16:37:24.6582720-05:00" testType="13cdc9d9-ddb5-4fa4-a97d-d965ccfc6d4b" outcome="Passed" testListId="8c84fa94-04c1-424b-9868-57a2d4851a1d" relativeResultsDirectory="8ca5837c-a03e-4bff-ab3f-139e5509259f" />
    <UnitTestResult executionId="11cf9ae8-5a8b-46b9-8e1a-c3ef03eb0403" testId="8cea57cc-40ea-4b3c-da3a-ebd02c72da22" testName="GestorCampo.Tests.Auth.AuthServiceTests.ForgotPassword_WithKnownEmail_SendsEmail" computerName="Henrys-MacBook-Pro-2" duration="00:00:00.0021557" startTime="2026-05-12T16:37:24.6734510-05:00" endTime="2026-05-12T16:37:24.6734510-05:00" testType="13cdc9d9-ddb5-4fa4-a97d-d965ccfc6d4b" outcome="Passed" testListId="8c84fa94-04c1-424b-9868-57a2d4851a1d" relativeResultsDirectory="11cf9ae8-5a8b-46b9-8e1a-c3ef03eb0403" />
    <UnitTestResult executionId="ae60b60d-f9cd-41da-a69f-a14c5560f5e0" testId="a02a2bbb-1613-c85b-702e-ebc8a31fdfd6" testName="GestorCampo.Tests.Users.UserServiceTests.GetList_PageSizeOver100_CappedAt100" computerName="Henrys-MacBook-Pro-2" duration="00:00:00.0010502" startTime="2026-05-12T16:37:24.6584990-05:00" endTime="2026-05-12T16:37:24.6584990-05:00" testType="13cdc9d9-ddb5-4fa4-a97d-d965ccfc6d4b" outcome="Passed" testListId="8c84fa94-04c1-424b-9868-57a2d4851a1d" relativeResultsDirectory="ae60b60d-f9cd-41da-a69f-a14c5560f5e0" />
    <UnitTestResult executionId="e7f1d89f-69a9-4eee-aa45-79711b436a87" testId="eb9b405d-0dcb-ccd2-43ae-a10a5512987f" testName="GestorCampo.Tests.Users.UserServiceTests.Update_ValidData_UpdatesNameAndCallsRepository" computerName="Henrys-MacBook-Pro-2" duration="00:00:00.0024229" startTime="2026-05-12T16:37:24.6573050-05:00" endTime="2026-05-12T16:37:24.6573050-05:00" testType="13cdc9d9-ddb5-4fa4-a97d-d965ccfc6d4b" outcome="Passed" testListId="8c84fa94-04c1-424b-9868-57a2d4851a1d" relativeResultsDirectory="e7f1d89f-69a9-4eee-aa45-79711b436a87" />
    <UnitTestResult executionId="ad3f2d9f-143d-4bbc-8ce1-dd55e1e7136a" testId="4f598eb4-b22c-1e98-e169-ab96ee36231e" testName="GestorCampo.Tests.Auth.AuthServiceTests.Refresh_WithExpiredToken_ReturnsFail" computerName="Henrys-MacBook-Pro-2" duration="00:00:00.0016098" startTime="2026-05-12T16:37:24.6591030-05:00" endTime="2026-05-12T16:37:24.6591030-05:00" testType="13cdc9d9-ddb5-4fa4-a97d-d965ccfc6d4b" outcome="Passed" testListId="8c84fa94-04c1-424b-9868-57a2d4851a1d" relativeResultsDirectory="ad3f2d9f-143d-4bbc-8ce1-dd55e1e7136a" />
    <UnitTestResult executionId="60a1f1db-d17d-480d-8c64-4b5ab522bb74" testId="78d8a0ec-07d5-3150-a946-c840a5081746" testName="GestorCampo.Tests.Users.UserServiceTests.GetById_SupervisorAccessesUnownedVendor_ReturnsFail" computerName="Henrys-MacBook-Pro-2" duration="00:00:00.0006998" startTime="2026-05-12T16:37:24.6590210-05:00" endTime="2026-05-12T16:37:24.6590210-05:00" testType="13cdc9d9-ddb5-4fa4-a97d-d965ccfc6d4b" outcome="Passed" testListId="8c84fa94-04c1-424b-9868-57a2d4851a1d" relativeResultsDirectory="60a1f1db-d17d-480d-8c64-4b5ab522bb74" />
    <UnitTestResult executionId="c4811dfc-58c7-428d-ac39-32194b14c6a9" testId="1fc57069-2043-4355-cff9-ffaf5037d5a9" testName="GestorCampo.Tests.Products.ProductServiceTests.GetById_Found_ReturnsProduct" computerName="Henrys-MacBook-Pro-2" duration="00:00:00.0392373" startTime="2026-05-12T16:37:24.6419460-05:00" endTime="2026-05-12T16:37:24.6419460-05:00" testType="13cdc9d9-ddb5-4fa4-a97d-d965ccfc6d4b" outcome="Passed" testListId="8c84fa94-04c1-424b-9868-57a2d4851a1d" relativeResultsDirectory="c4811dfc-58c7-428d-ac39-32194b14c6a9" />
    <UnitTestResult executionId="8e1961a2-8e40-42cc-b34d-d09101f10d5e" testId="9672c21e-f8fe-2670-ff9d-5d24c2652d26" testName="GestorCampo.Tests.Users.UserServiceTests.Create_SupervisorIdPointsToNonSupervisor_ReturnsFail" computerName="Henrys-MacBook-Pro-2" duration="00:00:00.0040627" startTime="2026-05-12T16:37:24.6426160-05:00" endTime="2026-05-12T16:37:24.6426170-05:00" testType="13cdc9d9-ddb5-4fa4-a97d-d965ccfc6d4b" outcome="Passed" testListId="8c84fa94-04c1-424b-9868-57a2d4851a1d" relativeResultsDirectory="8e1961a2-8e40-42cc-b34d-d09101f10d5e" />
    <UnitTestResult executionId="8979aef9-d394-40c4-8ce9-477f3410a2f7" testId="d0615311-78fb-7537-77b7-d697c74a2630" testName="GestorCampo.Tests.Auth.AuthServiceTests.Send2fa_With2faEnabled_SendsOtp" computerName="Henrys-MacBook-Pro-2" duration="00:00:00.0027488" startTime="2026-05-12T16:37:24.6584800-05:00" endTime="2026-05-12T16:37:24.6584810-05:00" testType="13cdc9d9-ddb5-4fa4-a97d-d965ccfc6d4b" outcome="Passed" testListId="8c84fa94-04c1-424b-9868-57a2d4851a1d" relativeResultsDirectory="8979aef9-d394-40c4-8ce9-477f3410a2f7" />
    <UnitTestResult executionId="27a59fc3-4ec6-4783-9a58-92c65c3b6e48" testId="43b745f1-c39e-7dfc-4b95-7adec980b5f5" testName="GestorCampo.Tests.Auth.AuthServiceTests.Login_WithLockedAccount_ReturnsFail" computerName="Henrys-MacBook-Pro-2" duration="00:00:00.0405883" startTime="2026-05-12T16:37:24.6418940-05:00" endTime="2026-05-12T16:37:24.6418940-05:00" testType="13cdc9d9-ddb5-4fa4-a97d-d965ccfc6d4b" outcome="Passed" testListId="8c84fa94-04c1-424b-9868-57a2d4851a1d" relativeResultsDirectory="27a59fc3-4ec6-4783-9a58-92c65c3b6e48" />
    <UnitTestResult executionId="b92368cc-40b9-487d-b433-a48fdc6d08b4" testId="d11f837f-fef3-574a-9dae-82c0cc1c6477" testName="GestorCampo.Tests.Auth.AuthServiceTests.Refresh_WithValidToken_ReturnsNewTokens" computerName="Henrys-MacBook-Pro-2" duration="00:00:00.0014943" startTime="2026-05-12T16:37:24.6659300-05:00" endTime="2026-05-12T16:37:24.6659300-05:00" testType="13cdc9d9-ddb5-4fa4-a97d-d965ccfc6d4b" outcome="Passed" testListId="8c84fa94-04c1-424b-9868-57a2d4851a1d" relativeResultsDirectory="b92368cc-40b9-487d-b433-a48fdc6d08b4" />
    <UnitTestResult executionId="1187cf02-63d4-4fd3-baa2-dad2da92e743" testId="499f7af5-5353-6940-90f1-41f9a89f5f76" testName="GestorCampo.Tests.Products.ProductServiceTests.GetList_PassesFiltersToRepository" computerName="Henrys-MacBook-Pro-2" duration="00:00:00.0020282" startTime="2026-05-12T16:37:24.6580350-05:00" endTime="2026-05-12T16:37:24.6580350-05:00" testType="13cdc9d9-ddb5-4fa4-a97d-d965ccfc6d4b" outcome="Passed" testListId="8c84fa94-04c1-424b-9868-57a2d4851a1d" relativeResultsDirectory="1187cf02-63d4-4fd3-baa2-dad2da92e743" />
    <UnitTestResult executionId="25721d80-4772-44e9-ae80-501a8aba5d74" testId="b95f18a4-9666-01ce-a3e4-cf220f071927" testName="GestorCampo.Tests.Clients.ClientServiceTests.GetById_NotFound_ReturnsFail" computerName="Henrys-MacBook-Pro-2" duration="00:00:00.0390717" startTime="2026-05-12T16:37:24.6415910-05:00" endTime="2026-05-12T16:37:24.6415910-05:00" testType="13cdc9d9-ddb5-4fa4-a97d-d965ccfc6d4b" outcome="Passed" testListId="8c84fa94-04c1-424b-9868-57a2d4851a1d" relativeResultsDirectory="25721d80-4772-44e9-ae80-501a8aba5d74" />
    <UnitTestResult executionId="a5bd5fd6-1c9e-42df-aead-5a96662facbd" testId="77e6bd50-8643-c1d6-52eb-14a78af1661c" testName="GestorCampo.Tests.Users.UserServiceTests.Block_NotFound_ReturnsFail" computerName="Henrys-MacBook-Pro-2" duration="00:00:00.0003925" startTime="2026-05-12T16:37:24.6629250-05:00" endTime="2026-05-12T16:37:24.6629250-05:00" testType="13cdc9d9-ddb5-4fa4-a97d-d965ccfc6d4b" outcome="Passed" testListId="8c84fa94-04c1-424b-9868-57a2d4851a1d" relativeResultsDirectory="a5bd5fd6-1c9e-42df-aead-5a96662facbd" />
    <UnitTestResult executionId="a390d6e3-5b83-4706-a228-e9472ec24c08" testId="58543d8d-be7b-0429-e828-c6208022c9dd" testName="GestorCampo.Tests.Clients.ClientServiceTests.GetById_VendorAccessesUnownedClient_ReturnsFail" computerName="Henrys-MacBook-Pro-2" duration="00:00:00.0007275" startTime="2026-05-12T16:37:24.6590400-05:00" endTime="2026-05-12T16:37:24.6590400-05:00" testType="13cdc9d9-ddb5-4fa4-a97d-d965ccfc6d4b" outcome="Passed" testListId="8c84fa94-04c1-424b-9868-57a2d4851a1d" relativeResultsDirectory="a390d6e3-5b83-4706-a228-e9472ec24c08" />
    <UnitTestResult executionId="be4a9e80-91bf-42ac-9266-dc2efb49378d" testId="c3836afd-ffef-2ea8-6a30-a3fd58d10134" testName="GestorCampo.Tests.Products.ProductServiceTests.Create_DuplicateCode_ReturnsFail" computerName="Henrys-MacBook-Pro-2" duration="00:00:00.0004002" startTime="2026-05-12T16:37:24.6583230-05:00" endTime="2026-05-12T16:37:24.6583230-05:00" testType="13cdc9d9-ddb5-4fa4-a97d-d965ccfc6d4b" outcome="Passed" testListId="8c84fa94-04c1-424b-9868-57a2d4851a1d" relativeResultsDirectory="be4a9e80-91bf-42ac-9266-dc2efb49378d" />
    <UnitTestResult executionId="7e52a73e-0524-444b-a015-87973e99128f" testId="2dc25f06-a40d-66ae-f2c7-2b130843f8f5" testName="GestorCampo.Tests.Users.UserServiceTests.Update_NotFound_ReturnsFail" computerName="Henrys-MacBook-Pro-2" duration="00:00:00.0004332" startTime="2026-05-12T16:37:24.6582170-05:00" endTime="2026-05-12T16:37:24.6582170-05:00" testType="13cdc9d9-ddb5-4fa4-a97d-d965ccfc6d4b" outcome="Passed" testListId="8c84fa94-04c1-424b-9868-57a2d4851a1d" relativeResultsDirectory="7e52a73e-0524-444b-a015-87973e99128f" />
    <UnitTestResult executionId="94b0c501-505c-406d-99cd-a660a4300574" testId="98bea87b-53db-18b2-48bf-0ec7f7034571" testName="GestorCampo.Tests.Auth.AuthServiceTests.Login_WithWrongPassword_ReturnsFail" computerName="Henrys-MacBook-Pro-2" duration="00:00:00.0023084" startTime="2026-05-12T16:37:24.6572250-05:00" endTime="2026-05-12T16:37:24.6572250-05:00" testType="13cdc9d9-ddb5-4fa4-a97d-d965ccfc6d4b" outcome="Passed" testListId="8c84fa94-04c1-424b-9868-57a2d4851a1d" relativeResultsDirectory="94b0c501-505c-406d-99cd-a660a4300574" />
    <UnitTestResult executionId="9fc2d9b1-a18e-4486-aebb-2d5dc7654f48" testId="a9288a9c-07cb-861b-0374-5757cfe6e66b" testName="GestorCampo.Tests.Users.UserServiceTests.GetById_NotFound_ReturnsFail" computerName="Henrys-MacBook-Pro-2" duration="00:00:00.0004037" startTime="2026-05-12T16:37:24.6601820-05:00" endTime="2026-05-12T16:37:24.6601830-05:00" testType="13cdc9d9-ddb5-4fa4-a97d-d965ccfc6d4b" outcome="Passed" testListId="8c84fa94-04c1-424b-9868-57a2d4851a1d" relativeResultsDirectory="9fc2d9b1-a18e-4486-aebb-2d5dc7654f48" />
    <UnitTestResult executionId="4d681abd-6e22-4fad-8758-fc75e3cfcb77" testId="a88bc140-79ff-01e1-7501-58e5e732af03" testName="GestorCampo.Tests.Auth.AuthServiceTests.Login_WithUnverifiedEmail_ReturnsFail" computerName="Henrys-MacBook-Pro-2" duration="00:00:00.0007350" startTime="2026-05-12T16:37:24.6585800-05:00" endTime="2026-05-12T16:37:24.6585800-05:00" testType="13cdc9d9-ddb5-4fa4-a97d-d965ccfc6d4b" outcome="Passed" testListId="8c84fa94-04c1-424b-9868-57a2d4851a1d" relativeResultsDirectory="4d681abd-6e22-4fad-8758-fc75e3cfcb77" />
    <UnitTestResult executionId="633467f2-60fc-4b61-845a-54c83dce3017" testId="c437c93c-7398-a4de-c2a1-1e8a60687060" testName="GestorCampo.Tests.Users.UserServiceTests.Block_ValidUser_SetsLockedUntilFarFuture" computerName="Henrys-MacBook-Pro-2" duration="00:00:00.0017682" startTime="2026-05-12T16:37:24.6587360-05:00" endTime="2026-05-12T16:37:24.6587360-05:00" testType="13cdc9d9-ddb5-4fa4-a97d-d965ccfc6d4b" outcome="Passed" testListId="8c84fa94-04c1-424b-9868-57a2d4851a1d" relativeResultsDirectory="633467f2-60fc-4b61-845a-54c83dce3017" />
    <UnitTestResult executionId="99eb75ee-416e-41db-9b4f-a2fd49d31b1f" testId="041e3168-5b02-56b6-d4cb-c9df719304a0" testName="GestorCampo.Tests.Auth.AuthServiceTests.Verify2fa_WithValidCode_ReturnsTokens" computerName="Henrys-MacBook-Pro-2" duration="00:00:00.0022680" startTime="2026-05-12T16:37:24.6643830-05:00" endTime="2026-05-12T16:37:24.6643830-05:00" testType="13cdc9d9-ddb5-4fa4-a97d-d965ccfc6d4b" outcome="Passed" testListId="8c84fa94-04c1-424b-9868-57a2d4851a1d" relativeResultsDirectory="99eb75ee-416e-41db-9b4f-a2fd49d31b1f" />
    <UnitTestResult executionId="bd9e763e-9a7c-457f-a661-2be314d59fc9" testId="73923991-d4b5-af5d-a4ef-b57e8b5f269b" testName="GestorCampo.Tests.Auth.AuthServiceTests.ResetPassword_WithValidToken_UpdatesPassword" computerName="Henrys-MacBook-Pro-2" duration="00:00:00.0017534" startTime="2026-05-12T16:37:24.6607760-05:00" endTime="2026-05-12T16:37:24.6607760-05:00" testType="13cdc9d9-ddb5-4fa4-a97d-d965ccfc6d4b" outcome="Passed" testListId="8c84fa94-04c1-424b-9868-57a2d4851a1d" relativeResultsDirectory="bd9e763e-9a7c-457f-a661-2be314d59fc9" />
    <UnitTestResult executionId="3175729d-4b44-42d8-bc09-26fd5bfe2648" testId="521e9dd2-0ebd-6488-34f0-5c2f3ef5efb3" testName="GestorCampo.Tests.Clients.ClientServiceTests.Delete_ValidClient_SoftDeletesAndDeactivates" computerName="Henrys-MacBook-Pro-2" duration="00:00:00.0017263" startTime="2026-05-12T16:37:24.6580520-05:00" endTime="2026-05-12T16:37:24.6580520-05:00" testType="13cdc9d9-ddb5-4fa4-a97d-d965ccfc6d4b" outcome="Passed" testListId="8c84fa94-04c1-424b-9868-57a2d4851a1d" relativeResultsDirectory="3175729d-4b44-42d8-bc09-26fd5bfe2648" />
    <UnitTestResult executionId="a31390da-f3d9-4451-bb6f-3e621dfd1d67" testId="610dca7d-fbd6-c0de-e99c-9fbc72339f14" testName="GestorCampo.Tests.Users.UserServiceTests.GetList_SuperAdmin_PassesNullSupervisorFilter" computerName="Henrys-MacBook-Pro-2" duration="00:00:00.0362069" startTime="2026-05-12T16:37:24.6387940-05:00" endTime="2026-05-12T16:37:24.6388040-05:00" testType="13cdc9d9-ddb5-4fa4-a97d-d965ccfc6d4b" outcome="Passed" testListId="8c84fa94-04c1-424b-9868-57a2d4851a1d" relativeResultsDirectory="a31390da-f3d9-4451-bb6f-3e621dfd1d67" />
    <UnitTestResult executionId="bd352624-ead9-4a84-aa91-21d403817187" testId="e3f69f12-b91b-4adb-ecb2-c6a99c112bc0" testName="GestorCampo.Tests.Auth.AuthServiceTests.VerifyEmail_WithValidToken_ActivatesAccount" computerName="Henrys-MacBook-Pro-2" duration="00:00:00.0011532" startTime="2026-05-12T16:37:24.6670940-05:00" endTime="2026-05-12T16:37:24.6670940-05:00" testType="13cdc9d9-ddb5-4fa4-a97d-d965ccfc6d4b" outcome="Passed" testListId="8c84fa94-04c1-424b-9868-57a2d4851a1d" relativeResultsDirectory="bd352624-ead9-4a84-aa91-21d403817187" />
    <UnitTestResult executionId="078736b6-bfb6-431f-bf04-5ef904e295fe" testId="fc178495-9f0e-c734-b977-2d3d26e9ec02" testName="GestorCampo.Tests.Auth.AuthServiceTests.Login_ExceedingMaxAttempts_LocksAccount" computerName="Henrys-MacBook-Pro-2" duration="00:00:00.0022453" startTime="2026-05-12T16:37:24.6579800-05:00" endTime="2026-05-12T16:37:24.6579800-05:00" testType="13cdc9d9-ddb5-4fa4-a97d-d965ccfc6d4b" outcome="Passed" testListId="8c84fa94-04c1-424b-9868-57a2d4851a1d" relativeResultsDirectory="078736b6-bfb6-431f-bf04-5ef904e295fe" />
    <UnitTestResult executionId="4ae6ce68-b8a9-4b4e-94de-94bc696f43ad" testId="b9a9282c-2b44-89ba-7a28-a9c6ed2f1242" testName="GestorCampo.Tests.Clients.ClientServiceTests.GetById_SupervisorAccessesAnyClient_ReturnsOk" computerName="Henrys-MacBook-Pro-2" duration="00:00:00.0006685" startTime="2026-05-12T16:37:24.6587550-05:00" endTime="2026-05-12T16:37:24.6587550-05:00" testType="13cdc9d9-ddb5-4fa4-a97d-d965ccfc6d4b" outcome="Passed" testListId="8c84fa94-04c1-424b-9868-57a2d4851a1d" relativeResultsDirectory="4ae6ce68-b8a9-4b4e-94de-94bc696f43ad" />
    <UnitTestResult executionId="972d8bde-b25a-4d21-9d07-d2bb7677c695" testId="570d8f6f-b688-cc63-9c15-84b5c22708c4" testName="GestorCampo.Tests.Products.ProductServiceTests.Update_ValidData_UpdatesNameAndPrice" computerName="Henrys-MacBook-Pro-2" duration="00:00:00.0019429" startTime="2026-05-12T16:37:24.6585530-05:00" endTime="2026-05-12T16:37:24.6585530-05:00" testType="13cdc9d9-ddb5-4fa4-a97d-d965ccfc6d4b" outcome="Passed" testListId="8c84fa94-04c1-424b-9868-57a2d4851a1d" relativeResultsDirectory="972d8bde-b25a-4d21-9d07-d2bb7677c695" />
    <UnitTestResult executionId="6239cca7-6a20-44cf-a4cb-e26068453b8a" testId="c587b8c3-02eb-a451-43df-a0d45bececc9" testName="GestorCampo.Tests.Users.UserServiceTests.GetList_Supervisor_PassesSupervisorIdAsFilter" computerName="Henrys-MacBook-Pro-2" duration="00:00:00.0012945" startTime="2026-05-12T16:37:24.6588550-05:00" endTime="2026-05-12T16:37:24.6588550-05:00" testType="13cdc9d9-ddb5-4fa4-a97d-d965ccfc6d4b" outcome="Passed" testListId="8c84fa94-04c1-424b-9868-57a2d4851a1d" relativeResultsDirectory="6239cca7-6a20-44cf-a4cb-e26068453b8a" />
    <UnitTestResult executionId="fe8c0519-f9bb-4d99-b133-8f80a5ce6774" testId="44b950af-469e-67c9-d9d1-3a270aafd9c4" testName="GestorCampo.Tests.Auth.AuthServiceTests.ForgotPassword_WithUnknownEmail_SucceedsSilently" computerName="Henrys-MacBook-Pro-2" duration="00:00:00.0011853" startTime="2026-05-12T16:37:24.6585170-05:00" endTime="2026-05-12T16:37:24.6585170-05:00" testType="13cdc9d9-ddb5-4fa4-a97d-d965ccfc6d4b" outcome="Passed" testListId="8c84fa94-04c1-424b-9868-57a2d4851a1d" relativeResultsDirectory="fe8c0519-f9bb-4d99-b133-8f80a5ce6774" />
    <UnitTestResult executionId="e199f688-35f6-44b5-93a1-7507b3b0f59e" testId="e9275bfd-8d52-6891-470f-df87d00ad2ba" testName="GestorCampo.Tests.Users.UserServiceTests.Update_SupervisorUpdatesUnownedVendor_ReturnsFail" computerName="Henrys-MacBook-Pro-2" duration="00:00:00.0005664" startTime="2026-05-12T16:37:24.6624870-05:00" endTime="2026-05-12T16:37:24.6624870-05:00" testType="13cdc9d9-ddb5-4fa4-a97d-d965ccfc6d4b" outcome="Passed" testListId="8c84fa94-04c1-424b-9868-57a2d4851a1d" relativeResultsDirectory="e199f688-35f6-44b5-93a1-7507b3b0f59e" />
    <UnitTestResult executionId="dd3315da-e09c-4488-9280-ca575d27348e" testId="4ffcc99b-1ac4-5cee-d1b7-ef55012e7cc3" testName="GestorCampo.Tests.Products.ProductServiceTests.Delete_NotFound_ReturnsFail" computerName="Henrys-MacBook-Pro-2" duration="00:00:00.0007883" startTime="2026-05-12T16:37:24.6583060-05:00" endTime="2026-05-12T16:37:24.6583060-05:00" testType="13cdc9d9-ddb5-4fa4-a97d-d965ccfc6d4b" outcome="Passed" testListId="8c84fa94-04c1-424b-9868-57a2d4851a1d" relativeResultsDirectory="dd3315da-e09c-4488-9280-ca575d27348e" />
    <UnitTestResult executionId="e680859c-efbe-4c56-81e1-1209e059f81f" testId="aefe71ed-2b79-b429-8152-4df9bee250d0" testName="GestorCampo.Tests.Clients.ClientServiceTests.Create_ValidData_SavesClientAndReturnsResponse" computerName="Henrys-MacBook-Pro-2" duration="00:00:00.0045622" startTime="2026-05-12T16:37:24.6572670-05:00" endTime="2026-05-12T16:37:24.6572670-05:00" testType="13cdc9d9-ddb5-4fa4-a97d-d965ccfc6d4b" outcome="Passed" testListId="8c84fa94-04c1-424b-9868-57a2d4851a1d" relativeResultsDirectory="e680859c-efbe-4c56-81e1-1209e059f81f" />
    <UnitTestResult executionId="ad6b491b-4513-48f4-9bda-60f5348fc79c" testId="6a908279-0bf4-040e-ff7a-11d6fc6a206c" testName="GestorCampo.Tests.Products.ProductServiceTests.Create_ValidData_SavesAndReturnsProduct" computerName="Henrys-MacBook-Pro-2" duration="00:00:00.0035805" startTime="2026-05-12T16:37:24.6572870-05:00" endTime="2026-05-12T16:37:24.6572870-05:00" testType="13cdc9d9-ddb5-4fa4-a97d-d965ccfc6d4b" outcome="Passed" testListId="8c84fa94-04c1-424b-9868-57a2d4851a1d" relativeResultsDirectory="ad6b491b-4513-48f4-9bda-60f5348fc79c" />
    <UnitTestResult executionId="d3584ba0-201b-4bd6-ac81-536bd33d610f" testId="12095b0a-dd52-14a7-39c3-26bd9b61aec3" testName="GestorCampo.Tests.Auth.AuthServiceTests.Login_WithUnknownEmail_ReturnsFail" computerName="Henrys-MacBook-Pro-2" duration="00:00:00.0005006" startTime="2026-05-12T16:37:24.6572480-05:00" endTime="2026-05-12T16:37:24.6572490-05:00" testType="13cdc9d9-ddb5-4fa4-a97d-d965ccfc6d4b" outcome="Passed" testListId="8c84fa94-04c1-424b-9868-57a2d4851a1d" relativeResultsDirectory="d3584ba0-201b-4bd6-ac81-536bd33d610f" />
    <UnitTestResult executionId="945adac3-fa23-4f23-97e5-a7a6d907ff88" testId="4e4f5b2a-ffff-710a-d10c-44c7af740593" testName="GestorCampo.Tests.Clients.ClientServiceTests.Create_InvalidVendor_ReturnsFail" computerName="Henrys-MacBook-Pro-2" duration="00:00:00.0008244" startTime="2026-05-12T16:37:24.6582360-05:00" endTime="2026-05-12T16:37:24.6582360-05:00" testType="13cdc9d9-ddb5-4fa4-a97d-d965ccfc6d4b" outcome="Passed" testListId="8c84fa94-04c1-424b-9868-57a2d4851a1d" relativeResultsDirectory="945adac3-fa23-4f23-97e5-a7a6d907ff88" />
    <UnitTestResult executionId="cef04bd8-1bd6-4447-81ee-d577c5d633b4" testId="0859534f-39af-2f69-f2f9-3b6c33433e8b" testName="GestorCampo.Tests.Products.ProductServiceTests.GetById_NotFound_ReturnsFail" computerName="Henrys-MacBook-Pro-2" duration="00:00:00.0006648" startTime="2026-05-12T16:37:24.6426690-05:00" endTime="2026-05-12T16:37:24.6426690-05:00" testType="13cdc9d9-ddb5-4fa4-a97d-d965ccfc6d4b" outcome="Passed" testListId="8c84fa94-04c1-424b-9868-57a2d4851a1d" relativeResultsDirectory="cef04bd8-1bd6-4447-81ee-d577c5d633b4" />
    <UnitTestResult executionId="deae9bb0-5a3b-4cfc-bb8b-441b7e925616" testId="8881e70b-faf7-21f3-0099-57ae3a4253a0" testName="GestorCampo.Tests.Users.UserServiceTests.Create_InvalidSupervisor_ReturnsFail" computerName="Henrys-MacBook-Pro-2" duration="00:00:00.0008890" startTime="2026-05-12T16:37:24.6587810-05:00" endTime="2026-05-12T16:37:24.6587810-05:00" testType="13cdc9d9-ddb5-4fa4-a97d-d965ccfc6d4b" outcome="Passed" testListId="8c84fa94-04c1-424b-9868-57a2d4851a1d" relativeResultsDirectory="deae9bb0-5a3b-4cfc-bb8b-441b7e925616" />
    <UnitTestResult executionId="a5d75768-1fd1-4181-bd01-42fe8200c009" testId="38eac131-4e6b-7a53-18f9-f71aaa03fca8" testName="GestorCampo.Tests.Clients.ClientServiceTests.Delete_NotFound_ReturnsFail" computerName="Henrys-MacBook-Pro-2" duration="00:00:00.0005072" startTime="2026-05-12T16:37:24.6585720-05:00" endTime="2026-05-12T16:37:24.6585720-05:00" testType="13cdc9d9-ddb5-4fa4-a97d-d965ccfc6d4b" outcome="Passed" testListId="8c84fa94-04c1-424b-9868-57a2d4851a1d" relativeResultsDirectory="a5d75768-1fd1-4181-bd01-42fe8200c009" />
    <UnitTestResult executionId="e2033c34-52cc-46ff-a5aa-837c1cac65bd" testId="9e89f6a8-b925-53ea-c27b-1058ebecf479" testName="GestorCampo.Tests.Users.UserServiceTests.Delete_ValidUser_SoftDeletesAndDeactivates" computerName="Henrys-MacBook-Pro-2" duration="00:00:00.0013349" startTime="2026-05-12T16:37:24.6582800-05:00" endTime="2026-05-12T16:37:24.6582800-05:00" testType="13cdc9d9-ddb5-4fa4-a97d-d965ccfc6d4b" outcome="Passed" testListId="8c84fa94-04c1-424b-9868-57a2d4851a1d" relativeResultsDirectory="e2033c34-52cc-46ff-a5aa-837c1cac65bd" />
    <UnitTestResult executionId="f418caee-d98b-4ea4-9e88-1492d400461a" testId="d76bb548-246e-4894-f2a1-0e2aa8dcac2e" testName="GestorCampo.Tests.Clients.ClientServiceTests.Create_DuplicateTaxId_ReturnsFail" computerName="Henrys-MacBook-Pro-2" duration="00:00:00.0004454" startTime="2026-05-12T16:37:24.6579500-05:00" endTime="2026-05-12T16:37:24.6579500-05:00" testType="13cdc9d9-ddb5-4fa4-a97d-d965ccfc6d4b" outcome="Passed" testListId="8c84fa94-04c1-424b-9868-57a2d4851a1d" relativeResultsDirectory="f418caee-d98b-4ea4-9e88-1492d400461a" />
    <UnitTestResult executionId="97ac96a0-c9ca-4a88-9426-d9d135144669" testId="f55bad98-2993-e0b0-ce5a-18d88de3fe96" testName="GestorCampo.Tests.Users.UserServiceTests.Create_DuplicateEmail_ReturnsFail" computerName="Henrys-MacBook-Pro-2" duration="00:00:00.0003740" startTime="2026-05-12T16:37:24.6605710-05:00" endTime="2026-05-12T16:37:24.6605710-05:00" testType="13cdc9d9-ddb5-4fa4-a97d-d965ccfc6d4b" outcome="Passed" testListId="8c84fa94-04c1-424b-9868-57a2d4851a1d" relativeResultsDirectory="97ac96a0-c9ca-4a88-9426-d9d135144669" />
    <UnitTestResult executionId="d23a1fd9-840e-498f-b800-73b05c11658c" testId="d48093c2-71c3-0ff0-ed45-6b9de645bf7a" testName="GestorCampo.Tests.Products.ProductServiceTests.Delete_ValidProduct_SoftDeletesAndDeactivates" computerName="Henrys-MacBook-Pro-2" duration="00:00:00.0011577" startTime="2026-05-12T16:37:24.6587720-05:00" endTime="2026-05-12T16:37:24.6587720-05:00" testType="13cdc9d9-ddb5-4fa4-a97d-d965ccfc6d4b" outcome="Passed" testListId="8c84fa94-04c1-424b-9868-57a2d4851a1d" relativeResultsDirectory="d23a1fd9-840e-498f-b800-73b05c11658c" />
    <UnitTestResult executionId="0d221f91-b9db-4300-bf37-321f782eacc7" testId="d75f6e65-cfff-e9e2-2dbf-6129f25c175e" testName="GestorCampo.Tests.Auth.AuthServiceTests.Login_WithValidCredentials_ReturnsTokens" computerName="Henrys-MacBook-Pro-2" duration="00:00:00.0029923" startTime="2026-05-12T16:37:24.6590690-05:00" endTime="2026-05-12T16:37:24.6590690-05:00" testType="13cdc9d9-ddb5-4fa4-a97d-d965ccfc6d4b" outcome="Passed" testListId="8c84fa94-04c1-424b-9868-57a2d4851a1d" relativeResultsDirectory="0d221f91-b9db-4300-bf37-321f782eacc7" />
    <UnitTestResult executionId="cf05c485-55a0-45ba-9388-187245534282" testId="2a38932a-304f-613b-993f-4f3871711775" testName="GestorCampo.Tests.Users.UserServiceTests.GetById_SupervisorAccessesOwnVendor_ReturnsOk" computerName="Henrys-MacBook-Pro-2" duration="00:00:00.0007170" startTime="2026-05-12T16:37:24.6597290-05:00" endTime="2026-05-12T16:37:24.6597290-05:00" testType="13cdc9d9-ddb5-4fa4-a97d-d965ccfc6d4b" outcome="Passed" testListId="8c84fa94-04c1-424b-9868-57a2d4851a1d" relativeResultsDirectory="cf05c485-55a0-45ba-9388-187245534282" />
    <UnitTestResult executionId="56bef432-f70f-470a-8fbc-df1bb610d1ba" testId="c9f9667b-117e-2a46-8c15-a01e46e2afef" testName="GestorCampo.Tests.Auth.AuthServiceTests.Refresh_WithRevokedToken_RevokesEntireFamily" computerName="Henrys-MacBook-Pro-2" duration="00:00:00.0008337" startTime="2026-05-12T16:37:24.6620810-05:00" endTime="2026-05-12T16:37:24.6620810-05:00" testType="13cdc9d9-ddb5-4fa4-a97d-d965ccfc6d4b" outcome="Passed" testListId="8c84fa94-04c1-424b-9868-57a2d4851a1d" relativeResultsDirectory="56bef432-f70f-470a-8fbc-df1bb610d1ba" />
    <UnitTestResult executionId="06778ae2-18b5-4d2a-a897-9d50fe06bd6a" testId="05ad9803-0705-502d-d793-bb08b47e4669" testName="GestorCampo.Tests.Users.UserServiceTests.GetById_SuperAdminAccessesAnyUser_ReturnsOk" computerName="Henrys-MacBook-Pro-2" duration="00:00:00.0015607" startTime="2026-05-12T16:37:24.6571220-05:00" endTime="2026-05-12T16:37:24.6571220-05:00" testType="13cdc9d9-ddb5-4fa4-a97d-d965ccfc6d4b" outcome="Passed" testListId="8c84fa94-04c1-424b-9868-57a2d4851a1d" relativeResultsDirectory="06778ae2-18b5-4d2a-a897-9d50fe06bd6a" />
    <UnitTestResult executionId="5a8a4253-4b54-468c-8145-21ef48dab5ad" testId="d8f24da5-dcda-d679-5739-5ecac2fa6ff8" testName="GestorCampo.Tests.Products.ProductServiceTests.Update_NotFound_ReturnsFail" computerName="Henrys-MacBook-Pro-2" duration="00:00:00.0009171" startTime="2026-05-12T16:37:24.6582540-05:00" endTime="2026-05-12T16:37:24.6582540-05:00" testType="13cdc9d9-ddb5-4fa4-a97d-d965ccfc6d4b" outcome="Passed" testListId="8c84fa94-04c1-424b-9868-57a2d4851a1d" relativeResultsDirectory="5a8a4253-4b54-468c-8145-21ef48dab5ad" />
    <UnitTestResult executionId="f85d201e-f1b5-4283-ba69-d6b9d54d634a" testId="bf73d3ee-7ce5-b5ab-6332-1fbef1818650" testName="GestorCampo.Tests.Users.UserServiceTests.Create_ValidData_SavesUserAndSendsVerificationEmail" computerName="Henrys-MacBook-Pro-2" duration="00:00:00.0013029" startTime="2026-05-12T16:37:24.6618940-05:00" endTime="2026-05-12T16:37:24.6618940-05:00" testType="13cdc9d9-ddb5-4fa4-a97d-d965ccfc6d4b" outcome="Passed" testListId="8c84fa94-04c1-424b-9868-57a2d4851a1d" relativeResultsDirectory="f85d201e-f1b5-4283-ba69-d6b9d54d634a" />
  </Results>
  <TestDefinitions>
    <UnitTest name="GestorCampo.Tests.Users.UserServiceTests.GetList_SuperAdmin_PassesNullSupervisorFilter" storage="/users/henrycruzmulet/work/canaleselectronicos/gestorcampo/code/gestorcampo-api/gestorcampo.tests/bin/debug/net8.0/gestorcampo.tests.dll" id="610dca7d-fbd6-c0de-e99c-9fbc72339f14">
      <Execution id="a31390da-f3d9-4451-bb6f-3e621dfd1d67" />
      <TestMethod codeBase="/Users/henrycruzmulet/work/CanalesElectronicos/gestorCampo/code/gestorCampo-api/GestorCampo.Tests/bin/Debug/net8.0/GestorCampo.Tests.dll" adapterTypeName="executor://xunit/VsTestRunner2/netcoreapp" className="GestorCampo.Tests.Users.UserServiceTests" name="GetList_SuperAdmin_PassesNullSupervisorFilter" />
    </UnitTest>
    <UnitTest name="GestorCampo.Tests.Auth.AuthServiceTests.Verify2fa_WithInvalidCode_ReturnsFail" storage="/users/henrycruzmulet/work/canaleselectronicos/gestorcampo/code/gestorcampo-api/gestorcampo.tests/bin/debug/net8.0/gestorcampo.tests.dll" id="aa17b198-a9fb-a8c7-4d46-98e5ade0e3f2">
      <Execution id="0b0bb02b-a755-4a02-be96-72080f6d61aa" />
      <TestMethod codeBase="/Users/henrycruzmulet/work/CanalesElectronicos/gestorCampo/code/gestorCampo-api/GestorCampo.Tests/bin/Debug/net8.0/GestorCampo.Tests.dll" adapterTypeName="executor://xunit/VsTestRunner2/netcoreapp" className="GestorCampo.Tests.Auth.AuthServiceTests" name="Verify2fa_WithInvalidCode_ReturnsFail" />
    </UnitTest>
    <UnitTest name="GestorCampo.Tests.Auth.AuthServiceTests.ResetPassword_WithExpiredToken_ReturnsFail" storage="/users/henrycruzmulet/work/canaleselectronicos/gestorcampo/code/gestorcampo-api/gestorcampo.tests/bin/debug/net8.0/gestorcampo.tests.dll" id="a921c39b-0eed-0668-ff59-9224e05f8eeb">
      <Execution id="9939872e-474d-4f3c-b591-eb4d9ce39fb8" />
      <TestMethod codeBase="/Users/henrycruzmulet/work/CanalesElectronicos/gestorCampo/code/gestorCampo-api/GestorCampo.Tests/bin/Debug/net8.0/GestorCampo.Tests.dll" adapterTypeName="executor://xunit/VsTestRunner2/netcoreapp" className="GestorCampo.Tests.Auth.AuthServiceTests" name="ResetPassword_WithExpiredToken_ReturnsFail" />
    </UnitTest>
    <UnitTest name="GestorCampo.Tests.Products.ProductServiceTests.Create_ValidData_SavesAndReturnsProduct" storage="/users/henrycruzmulet/work/canaleselectronicos/gestorcampo/code/gestorcampo-api/gestorcampo.tests/bin/debug/net8.0/gestorcampo.tests.dll" id="6a908279-0bf4-040e-ff7a-11d6fc6a206c">
      <Execution id="ad6b491b-4513-48f4-9bda-60f5348fc79c" />
      <TestMethod codeBase="/Users/henrycruzmulet/work/CanalesElectronicos/gestorCampo/code/gestorCampo-api/GestorCampo.Tests/bin/Debug/net8.0/GestorCampo.Tests.dll" adapterTypeName="executor://xunit/VsTestRunner2/netcoreapp" className="GestorCampo.Tests.Products.ProductServiceTests" name="Create_ValidData_SavesAndReturnsProduct" />
    </UnitTest>
    <UnitTest name="GestorCampo.Tests.Users.UserServiceTests.Block_ValidUser_SetsLockedUntilFarFuture" storage="/users/henrycruzmulet/work/canaleselectronicos/gestorcampo/code/gestorcampo-api/gestorcampo.tests/bin/debug/net8.0/gestorcampo.tests.dll" id="c437c93c-7398-a4de-c2a1-1e8a60687060">
      <Execution id="633467f2-60fc-4b61-845a-54c83dce3017" />
      <TestMethod codeBase="/Users/henrycruzmulet/work/CanalesElectronicos/gestorCampo/code/gestorCampo-api/GestorCampo.Tests/bin/Debug/net8.0/GestorCampo.Tests.dll" adapterTypeName="executor://xunit/VsTestRunner2/netcoreapp" className="GestorCampo.Tests.Users.UserServiceTests" name="Block_ValidUser_SetsLockedUntilFarFuture" />
    </UnitTest>
    <UnitTest name="GestorCampo.Tests.Users.UserServiceTests.Delete_OwnAccount_ReturnsFail" storage="/users/henrycruzmulet/work/canaleselectronicos/gestorcampo/code/gestorcampo-api/gestorcampo.tests/bin/debug/net8.0/gestorcampo.tests.dll" id="58d9d6ee-9d85-a98d-8fba-809ba4a51f33">
      <Execution id="b5d7549d-b28d-44d6-8755-d46709f5313e" />
      <TestMethod codeBase="/Users/henrycruzmulet/work/CanalesElectronicos/gestorCampo/code/gestorCampo-api/GestorCampo.Tests/bin/Debug/net8.0/GestorCampo.Tests.dll" adapterTypeName="executor://xunit/VsTestRunner2/netcoreapp" className="GestorCampo.Tests.Users.UserServiceTests" name="Delete_OwnAccount_ReturnsFail" />
    </UnitTest>
    <UnitTest name="GestorCampo.Tests.Users.UserServiceTests.Block_NotFound_ReturnsFail" storage="/users/henrycruzmulet/work/canaleselectronicos/gestorcampo/code/gestorcampo-api/gestorcampo.tests/bin/debug/net8.0/gestorcampo.tests.dll" id="77e6bd50-8643-c1d6-52eb-14a78af1661c">
      <Execution id="a5bd5fd6-1c9e-42df-aead-5a96662facbd" />
      <TestMethod codeBase="/Users/henrycruzmulet/work/CanalesElectronicos/gestorCampo/code/gestorCampo-api/GestorCampo.Tests/bin/Debug/net8.0/GestorCampo.Tests.dll" adapterTypeName="executor://xunit/VsTestRunner2/netcoreapp" className="GestorCampo.Tests.Users.UserServiceTests" name="Block_NotFound_ReturnsFail" />
    </UnitTest>
    <UnitTest name="GestorCampo.Tests.Auth.AuthServiceTests.Send2fa_With2faEnabled_SendsOtp" storage="/users/henrycruzmulet/work/canaleselectronicos/gestorcampo/code/gestorcampo-api/gestorcampo.tests/bin/debug/net8.0/gestorcampo.tests.dll" id="d0615311-78fb-7537-77b7-d697c74a2630">
      <Execution id="8979aef9-d394-40c4-8ce9-477f3410a2f7" />
      <TestMethod codeBase="/Users/henrycruzmulet/work/CanalesElectronicos/gestorCampo/code/gestorCampo-api/GestorCampo.Tests/bin/Debug/net8.0/GestorCampo.Tests.dll" adapterTypeName="executor://xunit/VsTestRunner2/netcoreapp" className="GestorCampo.Tests.Auth.AuthServiceTests" name="Send2fa_With2faEnabled_SendsOtp" />
    </UnitTest>
    <UnitTest name="GestorCampo.Tests.Users.UserServiceTests.Unblock_ValidUser_ClearsLockAndResetAttempts" storage="/users/henrycruzmulet/work/canaleselectronicos/gestorcampo/code/gestorcampo-api/gestorcampo.tests/bin/debug/net8.0/gestorcampo.tests.dll" id="1e77820f-048d-6ed9-ac6f-0851dbd301e2">
      <Execution id="fbfe4312-58a3-4835-9363-7ee48ffed166" />
      <TestMethod codeBase="/Users/henrycruzmulet/work/CanalesElectronicos/gestorCampo/code/gestorCampo-api/GestorCampo.Tests/bin/Debug/net8.0/GestorCampo.Tests.dll" adapterTypeName="executor://xunit/VsTestRunner2/netcoreapp" className="GestorCampo.Tests.Users.UserServiceTests" name="Unblock_ValidUser_ClearsLockAndResetAttempts" />
    </UnitTest>
    <UnitTest name="GestorCampo.Tests.Users.UserServiceTests.GetById_SuperAdminAccessesAnyUser_ReturnsOk" storage="/users/henrycruzmulet/work/canaleselectronicos/gestorcampo/code/gestorcampo-api/gestorcampo.tests/bin/debug/net8.0/gestorcampo.tests.dll" id="05ad9803-0705-502d-d793-bb08b47e4669">
      <Execution id="06778ae2-18b5-4d2a-a897-9d50fe06bd6a" />
      <TestMethod codeBase="/Users/henrycruzmulet/work/CanalesElectronicos/gestorCampo/code/gestorCampo-api/GestorCampo.Tests/bin/Debug/net8.0/GestorCampo.Tests.dll" adapterTypeName="executor://xunit/VsTestRunner2/netcoreapp" className="GestorCampo.Tests.Users.UserServiceTests" name="GetById_SuperAdminAccessesAnyUser_ReturnsOk" />
    </UnitTest>
    <UnitTest name="GestorCampo.Tests.Clients.ClientServiceTests.GetById_VendorAccessesUnownedClient_ReturnsFail" storage="/users/henrycruzmulet/work/canaleselectronicos/gestorcampo/code/gestorcampo-api/gestorcampo.tests/bin/debug/net8.0/gestorcampo.tests.dll" id="58543d8d-be7b-0429-e828-c6208022c9dd">
      <Execution id="a390d6e3-5b83-4706-a228-e9472ec24c08" />
      <TestMethod codeBase="/Users/henrycruzmulet/work/CanalesElectronicos/gestorCampo/code/gestorCampo-api/GestorCampo.Tests/bin/Debug/net8.0/GestorCampo.Tests.dll" adapterTypeName="executor://xunit/VsTestRunner2/netcoreapp" className="GestorCampo.Tests.Clients.ClientServiceTests" name="GetById_VendorAccessesUnownedClient_ReturnsFail" />
    </UnitTest>
    <UnitTest name="GestorCampo.Tests.Clients.ClientServiceTests.GetById_NotFound_ReturnsFail" storage="/users/henrycruzmulet/work/canaleselectronicos/gestorcampo/code/gestorcampo-api/gestorcampo.tests/bin/debug/net8.0/gestorcampo.tests.dll" id="b95f18a4-9666-01ce-a3e4-cf220f071927">
      <Execution id="25721d80-4772-44e9-ae80-501a8aba5d74" />
      <TestMethod codeBase="/Users/henrycruzmulet/work/CanalesElectronicos/gestorCampo/code/gestorCampo-api/GestorCampo.Tests/bin/Debug/net8.0/GestorCampo.Tests.dll" adapterTypeName="executor://xunit/VsTestRunner2/netcoreapp" className="GestorCampo.Tests.Clients.ClientServiceTests" name="GetById_NotFound_ReturnsFail" />
    </UnitTest>
    <UnitTest name="GestorCampo.Tests.Clients.ClientServiceTests.Delete_NotFound_ReturnsFail" storage="/users/henrycruzmulet/work/canaleselectronicos/gestorcampo/code/gestorcampo-api/gestorcampo.tests/bin/debug/net8.0/gestorcampo.tests.dll" id="38eac131-4e6b-7a53-18f9-f71aaa03fca8">
      <Execution id="a5d75768-1fd1-4181-bd01-42fe8200c009" />
      <TestMethod codeBase="/Users/henrycruzmulet/work/CanalesElectronicos/gestorCampo/code/gestorCampo-api/GestorCampo.Tests/bin/Debug/net8.0/GestorCampo.Tests.dll" adapterTypeName="executor://xunit/VsTestRunner2/netcoreapp" className="GestorCampo.Tests.Clients.ClientServiceTests" name="Delete_NotFound_ReturnsFail" />
    </UnitTest>
    <UnitTest name="GestorCampo.Tests.Clients.ClientServiceTests.Create_DuplicateTaxId_ReturnsFail" storage="/users/henrycruzmulet/work/canaleselectronicos/gestorcampo/code/gestorcampo-api/gestorcampo.tests/bin/debug/net8.0/gestorcampo.tests.dll" id="d76bb548-246e-4894-f2a1-0e2aa8dcac2e">
      <Execution id="f418caee-d98b-4ea4-9e88-1492d400461a" />
      <TestMethod codeBase="/Users/henrycruzmulet/work/CanalesElectronicos/gestorCampo/code/gestorCampo-api/GestorCampo.Tests/bin/Debug/net8.0/GestorCampo.Tests.dll" adapterTypeName="executor://xunit/VsTestRunner2/netcoreapp" className="GestorCampo.Tests.Clients.ClientServiceTests" name="Create_DuplicateTaxId_ReturnsFail" />
    </UnitTest>
    <UnitTest name="GestorCampo.Tests.Clients.ClientServiceTests.Create_VendorIdWithSupervisorRole_ReturnsFail" storage="/users/henrycruzmulet/work/canaleselectronicos/gestorcampo/code/gestorcampo-api/gestorcampo.tests/bin/debug/net8.0/gestorcampo.tests.dll" id="25da81aa-c336-44f6-6cfc-d20c0f541025">
      <Execution id="5fe4f612-113b-4a73-a240-a011ae2741f5" />
      <TestMethod codeBase="/Users/henrycruzmulet/work/CanalesElectronicos/gestorCampo/code/gestorCampo-api/GestorCampo.Tests/bin/Debug/net8.0/GestorCampo.Tests.dll" adapterTypeName="executor://xunit/VsTestRunner2/netcoreapp" className="GestorCampo.Tests.Clients.ClientServiceTests" name="Create_VendorIdWithSupervisorRole_ReturnsFail" />
    </UnitTest>
    <UnitTest name="GestorCampo.Tests.Users.UserServiceTests.Create_InvalidSupervisor_ReturnsFail" storage="/users/henrycruzmulet/work/canaleselectronicos/gestorcampo/code/gestorcampo-api/gestorcampo.tests/bin/debug/net8.0/gestorcampo.tests.dll" id="8881e70b-faf7-21f3-0099-57ae3a4253a0">
      <Execution id="deae9bb0-5a3b-4cfc-bb8b-441b7e925616" />
      <TestMethod codeBase="/Users/henrycruzmulet/work/CanalesElectronicos/gestorCampo/code/gestorCampo-api/GestorCampo.Tests/bin/Debug/net8.0/GestorCampo.Tests.dll" adapterTypeName="executor://xunit/VsTestRunner2/netcoreapp" className="GestorCampo.Tests.Users.UserServiceTests" name="Create_InvalidSupervisor_ReturnsFail" />
    </UnitTest>
    <UnitTest name="GestorCampo.Tests.Clients.ClientServiceTests.GetById_SupervisorAccessesAnyClient_ReturnsOk" storage="/users/henrycruzmulet/work/canaleselectronicos/gestorcampo/code/gestorcampo-api/gestorcampo.tests/bin/debug/net8.0/gestorcampo.tests.dll" id="b9a9282c-2b44-89ba-7a28-a9c6ed2f1242">
      <Execution id="4ae6ce68-b8a9-4b4e-94de-94bc696f43ad" />
      <TestMethod codeBase="/Users/henrycruzmulet/work/CanalesElectronicos/gestorCampo/code/gestorCampo-api/GestorCampo.Tests/bin/Debug/net8.0/GestorCampo.Tests.dll" adapterTypeName="executor://xunit/VsTestRunner2/netcoreapp" className="GestorCampo.Tests.Clients.ClientServiceTests" name="GetById_SupervisorAccessesAnyClient_ReturnsOk" />
    </UnitTest>
    <UnitTest name="GestorCampo.Tests.Products.ProductServiceTests.Update_ValidData_UpdatesNameAndPrice" storage="/users/henrycruzmulet/work/canaleselectronicos/gestorcampo/code/gestorcampo-api/gestorcampo.tests/bin/debug/net8.0/gestorcampo.tests.dll" id="570d8f6f-b688-cc63-9c15-84b5c22708c4">
      <Execution id="972d8bde-b25a-4d21-9d07-d2bb7677c695" />
      <TestMethod codeBase="/Users/henrycruzmulet/work/CanalesElectronicos/gestorCampo/code/gestorCampo-api/GestorCampo.Tests/bin/Debug/net8.0/GestorCampo.Tests.dll" adapterTypeName="executor://xunit/VsTestRunner2/netcoreapp" className="GestorCampo.Tests.Products.ProductServiceTests" name="Update_ValidData_UpdatesNameAndPrice" />
    </UnitTest>
    <UnitTest name="GestorCampo.Tests.Auth.AuthServiceTests.Verify2fa_WithValidCode_ReturnsTokens" storage="/users/henrycruzmulet/work/canaleselectronicos/gestorcampo/code/gestorcampo-api/gestorcampo.tests/bin/debug/net8.0/gestorcampo.tests.dll" id="041e3168-5b02-56b6-d4cb-c9df719304a0">
      <Execution id="99eb75ee-416e-41db-9b4f-a2fd49d31b1f" />
      <TestMethod codeBase="/Users/henrycruzmulet/work/CanalesElectronicos/gestorCampo/code/gestorCampo-api/GestorCampo.Tests/bin/Debug/net8.0/GestorCampo.Tests.dll" adapterTypeName="executor://xunit/VsTestRunner2/netcoreapp" className="GestorCampo.Tests.Auth.AuthServiceTests" name="Verify2fa_WithValidCode_ReturnsTokens" />
    </UnitTest>
    <UnitTest name="GestorCampo.Tests.Auth.AuthServiceTests.Login_WithValidCredentials_ReturnsTokens" storage="/users/henrycruzmulet/work/canaleselectronicos/gestorcampo/code/gestorcampo-api/gestorcampo.tests/bin/debug/net8.0/gestorcampo.tests.dll" id="d75f6e65-cfff-e9e2-2dbf-6129f25c175e">
      <Execution id="0d221f91-b9db-4300-bf37-321f782eacc7" />
      <TestMethod codeBase="/Users/henrycruzmulet/work/CanalesElectronicos/gestorCampo/code/gestorCampo-api/GestorCampo.Tests/bin/Debug/net8.0/GestorCampo.Tests.dll" adapterTypeName="executor://xunit/VsTestRunner2/netcoreapp" className="GestorCampo.Tests.Auth.AuthServiceTests" name="Login_WithValidCredentials_ReturnsTokens" />
    </UnitTest>
    <UnitTest name="GestorCampo.Tests.Auth.AuthServiceTests.ForgotPassword_WithKnownEmail_SendsEmail" storage="/users/henrycruzmulet/work/canaleselectronicos/gestorcampo/code/gestorcampo-api/gestorcampo.tests/bin/debug/net8.0/gestorcampo.tests.dll" id="8cea57cc-40ea-4b3c-da3a-ebd02c72da22">
      <Execution id="11cf9ae8-5a8b-46b9-8e1a-c3ef03eb0403" />
      <TestMethod codeBase="/Users/henrycruzmulet/work/CanalesElectronicos/gestorCampo/code/gestorCampo-api/GestorCampo.Tests/bin/Debug/net8.0/GestorCampo.Tests.dll" adapterTypeName="executor://xunit/VsTestRunner2/netcoreapp" className="GestorCampo.Tests.Auth.AuthServiceTests" name="ForgotPassword_WithKnownEmail_SendsEmail" />
    </UnitTest>
    <UnitTest name="GestorCampo.Tests.Auth.AuthServiceTests.Login_WithInactiveUser_ReturnsFail" storage="/users/henrycruzmulet/work/canaleselectronicos/gestorcampo/code/gestorcampo-api/gestorcampo.tests/bin/debug/net8.0/gestorcampo.tests.dll" id="b703d022-d280-ec73-87d0-a4b5a49e5d53">
      <Execution id="7644d89e-8130-431c-8908-5bf7a4d6d78b" />
      <TestMethod codeBase="/Users/henrycruzmulet/work/CanalesElectronicos/gestorCampo/code/gestorCampo-api/GestorCampo.Tests/bin/Debug/net8.0/GestorCampo.Tests.dll" adapterTypeName="executor://xunit/VsTestRunner2/netcoreapp" className="GestorCampo.Tests.Auth.AuthServiceTests" name="Login_WithInactiveUser_ReturnsFail" />
    </UnitTest>
    <UnitTest name="GestorCampo.Tests.Users.UserServiceTests.Toggle2FA_WhenEnabled_Disables" storage="/users/henrycruzmulet/work/canaleselectronicos/gestorcampo/code/gestorcampo-api/gestorcampo.tests/bin/debug/net8.0/gestorcampo.tests.dll" id="0530a7c8-889d-e023-8d7b-b55975d38ca1">
      <Execution id="285a160f-08be-4781-9947-ee02875a002a" />
      <TestMethod codeBase="/Users/henrycruzmulet/work/CanalesElectronicos/gestorCampo/code/gestorCampo-api/GestorCampo.Tests/bin/Debug/net8.0/GestorCampo.Tests.dll" adapterTypeName="executor://xunit/VsTestRunner2/netcoreapp" className="GestorCampo.Tests.Users.UserServiceTests" name="Toggle2FA_WhenEnabled_Disables" />
    </UnitTest>
    <UnitTest name="GestorCampo.Tests.Users.UserServiceTests.Create_DuplicateEmail_ReturnsFail" storage="/users/henrycruzmulet/work/canaleselectronicos/gestorcampo/code/gestorcampo-api/gestorcampo.tests/bin/debug/net8.0/gestorcampo.tests.dll" id="f55bad98-2993-e0b0-ce5a-18d88de3fe96">
      <Execution id="97ac96a0-c9ca-4a88-9426-d9d135144669" />
      <TestMethod codeBase="/Users/henrycruzmulet/work/CanalesElectronicos/gestorCampo/code/gestorCampo-api/GestorCampo.Tests/bin/Debug/net8.0/GestorCampo.Tests.dll" adapterTypeName="executor://xunit/VsTestRunner2/netcoreapp" className="GestorCampo.Tests.Users.UserServiceTests" name="Create_DuplicateEmail_ReturnsFail" />
    </UnitTest>
    <UnitTest name="GestorCampo.Tests.Users.UserServiceTests.GetList_PageSizeOver100_CappedAt100" storage="/users/henrycruzmulet/work/canaleselectronicos/gestorcampo/code/gestorcampo-api/gestorcampo.tests/bin/debug/net8.0/gestorcampo.tests.dll" id="a02a2bbb-1613-c85b-702e-ebc8a31fdfd6">
      <Execution id="ae60b60d-f9cd-41da-a69f-a14c5560f5e0" />
      <TestMethod codeBase="/Users/henrycruzmulet/work/CanalesElectronicos/gestorCampo/code/gestorCampo-api/GestorCampo.Tests/bin/Debug/net8.0/GestorCampo.Tests.dll" adapterTypeName="executor://xunit/VsTestRunner2/netcoreapp" className="GestorCampo.Tests.Users.UserServiceTests" name="GetList_PageSizeOver100_CappedAt100" />
    </UnitTest>
    <UnitTest name="GestorCampo.Tests.Auth.AuthServiceTests.Login_With2faEnabled_ReturnsRequires2fa" storage="/users/henrycruzmulet/work/canaleselectronicos/gestorcampo/code/gestorcampo-api/gestorcampo.tests/bin/debug/net8.0/gestorcampo.tests.dll" id="11b3c2d4-08f2-f5eb-bef4-1aeabdd49f3d">
      <Execution id="67be5955-4e42-4903-a859-0f332eafad52" />
      <TestMethod codeBase="/Users/henrycruzmulet/work/CanalesElectronicos/gestorCampo/code/gestorCampo-api/GestorCampo.Tests/bin/Debug/net8.0/GestorCampo.Tests.dll" adapterTypeName="executor://xunit/VsTestRunner2/netcoreapp" className="GestorCampo.Tests.Auth.AuthServiceTests" name="Login_With2faEnabled_ReturnsRequires2fa" />
    </UnitTest>
    <UnitTest name="GestorCampo.Tests.Products.ProductServiceTests.Delete_NotFound_ReturnsFail" storage="/users/henrycruzmulet/work/canaleselectronicos/gestorcampo/code/gestorcampo-api/gestorcampo.tests/bin/debug/net8.0/gestorcampo.tests.dll" id="4ffcc99b-1ac4-5cee-d1b7-ef55012e7cc3">
      <Execution id="dd3315da-e09c-4488-9280-ca575d27348e" />
      <TestMethod codeBase="/Users/henrycruzmulet/work/CanalesElectronicos/gestorCampo/code/gestorCampo-api/GestorCampo.Tests/bin/Debug/net8.0/GestorCampo.Tests.dll" adapterTypeName="executor://xunit/VsTestRunner2/netcoreapp" className="GestorCampo.Tests.Products.ProductServiceTests" name="Delete_NotFound_ReturnsFail" />
    </UnitTest>
    <UnitTest name="GestorCampo.Tests.Users.UserServiceTests.Delete_ValidUser_SoftDeletesAndDeactivates" storage="/users/henrycruzmulet/work/canaleselectronicos/gestorcampo/code/gestorcampo-api/gestorcampo.tests/bin/debug/net8.0/gestorcampo.tests.dll" id="9e89f6a8-b925-53ea-c27b-1058ebecf479">
      <Execution id="e2033c34-52cc-46ff-a5aa-837c1cac65bd" />
      <TestMethod codeBase="/Users/henrycruzmulet/work/CanalesElectronicos/gestorCampo/code/gestorCampo-api/GestorCampo.Tests/bin/Debug/net8.0/GestorCampo.Tests.dll" adapterTypeName="executor://xunit/VsTestRunner2/netcoreapp" className="GestorCampo.Tests.Users.UserServiceTests" name="Delete_ValidUser_SoftDeletesAndDeactivates" />
    </UnitTest>
    <UnitTest name="GestorCampo.Tests.Auth.AuthServiceTests.ForgotPassword_WithUnknownEmail_SucceedsSilently" storage="/users/henrycruzmulet/work/canaleselectronicos/gestorcampo/code/gestorcampo-api/gestorcampo.tests/bin/debug/net8.0/gestorcampo.tests.dll" id="44b950af-469e-67c9-d9d1-3a270aafd9c4">
      <Execution id="fe8c0519-f9bb-4d99-b133-8f80a5ce6774" />
      <TestMethod codeBase="/Users/henrycruzmulet/work/CanalesElectronicos/gestorCampo/code/gestorCampo-api/GestorCampo.Tests/bin/Debug/net8.0/GestorCampo.Tests.dll" adapterTypeName="executor://xunit/VsTestRunner2/netcoreapp" className="GestorCampo.Tests.Auth.AuthServiceTests" name="ForgotPassword_WithUnknownEmail_SucceedsSilently" />
    </UnitTest>
    <UnitTest name="GestorCampo.Tests.Clients.ClientServiceTests.GetList_SuperAdmin_PassesRequestVendorFilter" storage="/users/henrycruzmulet/work/canaleselectronicos/gestorcampo/code/gestorcampo-api/gestorcampo.tests/bin/debug/net8.0/gestorcampo.tests.dll" id="088683b2-a9d3-ef0b-e6ad-6a61c597dc7f">
      <Execution id="9d9e924c-2348-4528-bef7-b0e2e8aa6c4c" />
      <TestMethod codeBase="/Users/henrycruzmulet/work/CanalesElectronicos/gestorCampo/code/gestorCampo-api/GestorCampo.Tests/bin/Debug/net8.0/GestorCampo.Tests.dll" adapterTypeName="executor://xunit/VsTestRunner2/netcoreapp" className="GestorCampo.Tests.Clients.ClientServiceTests" name="GetList_SuperAdmin_PassesRequestVendorFilter" />
    </UnitTest>
    <UnitTest name="GestorCampo.Tests.Users.UserServiceTests.Create_SupervisorIdPointsToNonSupervisor_ReturnsFail" storage="/users/henrycruzmulet/work/canaleselectronicos/gestorcampo/code/gestorcampo-api/gestorcampo.tests/bin/debug/net8.0/gestorcampo.tests.dll" id="9672c21e-f8fe-2670-ff9d-5d24c2652d26">
      <Execution id="8e1961a2-8e40-42cc-b34d-d09101f10d5e" />
      <TestMethod codeBase="/Users/henrycruzmulet/work/CanalesElectronicos/gestorCampo/code/gestorCampo-api/GestorCampo.Tests/bin/Debug/net8.0/GestorCampo.Tests.dll" adapterTypeName="executor://xunit/VsTestRunner2/netcoreapp" className="GestorCampo.Tests.Users.UserServiceTests" name="Create_SupervisorIdPointsToNonSupervisor_ReturnsFail" />
    </UnitTest>
    <UnitTest name="GestorCampo.Tests.Users.UserServiceTests.GetById_SupervisorAccessesUnownedVendor_ReturnsFail" storage="/users/henrycruzmulet/work/canaleselectronicos/gestorcampo/code/gestorcampo-api/gestorcampo.tests/bin/debug/net8.0/gestorcampo.tests.dll" id="78d8a0ec-07d5-3150-a946-c840a5081746">
      <Execution id="60a1f1db-d17d-480d-8c64-4b5ab522bb74" />
      <TestMethod codeBase="/Users/henrycruzmulet/work/CanalesElectronicos/gestorCampo/code/gestorCampo-api/GestorCampo.Tests/bin/Debug/net8.0/GestorCampo.Tests.dll" adapterTypeName="executor://xunit/VsTestRunner2/netcoreapp" className="GestorCampo.Tests.Users.UserServiceTests" name="GetById_SupervisorAccessesUnownedVendor_ReturnsFail" />
    </UnitTest>
    <UnitTest name="GestorCampo.Tests.Auth.AuthServiceTests.Login_WithUnverifiedEmail_ReturnsFail" storage="/users/henrycruzmulet/work/canaleselectronicos/gestorcampo/code/gestorcampo-api/gestorcampo.tests/bin/debug/net8.0/gestorcampo.tests.dll" id="a88bc140-79ff-01e1-7501-58e5e732af03">
      <Execution id="4d681abd-6e22-4fad-8758-fc75e3cfcb77" />
      <TestMethod codeBase="/Users/henrycruzmulet/work/CanalesElectronicos/gestorCampo/code/gestorCampo-api/GestorCampo.Tests/bin/Debug/net8.0/GestorCampo.Tests.dll" adapterTypeName="executor://xunit/VsTestRunner2/netcoreapp" className="GestorCampo.Tests.Auth.AuthServiceTests" name="Login_WithUnverifiedEmail_ReturnsFail" />
    </UnitTest>
    <UnitTest name="GestorCampo.Tests.Auth.AuthServiceTests.Login_WithLockedAccount_ReturnsFail" storage="/users/henrycruzmulet/work/canaleselectronicos/gestorcampo/code/gestorcampo-api/gestorcampo.tests/bin/debug/net8.0/gestorcampo.tests.dll" id="43b745f1-c39e-7dfc-4b95-7adec980b5f5">
      <Execution id="27a59fc3-4ec6-4783-9a58-92c65c3b6e48" />
      <TestMethod codeBase="/Users/henrycruzmulet/work/CanalesElectronicos/gestorCampo/code/gestorCampo-api/GestorCampo.Tests/bin/Debug/net8.0/GestorCampo.Tests.dll" adapterTypeName="executor://xunit/VsTestRunner2/netcoreapp" className="GestorCampo.Tests.Auth.AuthServiceTests" name="Login_WithLockedAccount_ReturnsFail" />
    </UnitTest>
    <UnitTest name="GestorCampo.Tests.Products.ProductServiceTests.GetById_NotFound_ReturnsFail" storage="/users/henrycruzmulet/work/canaleselectronicos/gestorcampo/code/gestorcampo-api/gestorcampo.tests/bin/debug/net8.0/gestorcampo.tests.dll" id="0859534f-39af-2f69-f2f9-3b6c33433e8b">
      <Execution id="cef04bd8-1bd6-4447-81ee-d577c5d633b4" />
      <TestMethod codeBase="/Users/henrycruzmulet/work/CanalesElectronicos/gestorCampo/code/gestorCampo-api/GestorCampo.Tests/bin/Debug/net8.0/GestorCampo.Tests.dll" adapterTypeName="executor://xunit/VsTestRunner2/netcoreapp" className="GestorCampo.Tests.Products.ProductServiceTests" name="GetById_NotFound_ReturnsFail" />
    </UnitTest>
    <UnitTest name="GestorCampo.Tests.Products.ProductServiceTests.GetById_Found_ReturnsProduct" storage="/users/henrycruzmulet/work/canaleselectronicos/gestorcampo/code/gestorcampo-api/gestorcampo.tests/bin/debug/net8.0/gestorcampo.tests.dll" id="1fc57069-2043-4355-cff9-ffaf5037d5a9">
      <Execution id="c4811dfc-58c7-428d-ac39-32194b14c6a9" />
      <TestMethod codeBase="/Users/henrycruzmulet/work/CanalesElectronicos/gestorCampo/code/gestorCampo-api/GestorCampo.Tests/bin/Debug/net8.0/GestorCampo.Tests.dll" adapterTypeName="executor://xunit/VsTestRunner2/netcoreapp" className="GestorCampo.Tests.Products.ProductServiceTests" name="GetById_Found_ReturnsProduct" />
    </UnitTest>
    <UnitTest name="GestorCampo.Tests.Auth.AuthServiceTests.Refresh_WithExpiredToken_ReturnsFail" storage="/users/henrycruzmulet/work/canaleselectronicos/gestorcampo/code/gestorcampo-api/gestorcampo.tests/bin/debug/net8.0/gestorcampo.tests.dll" id="4f598eb4-b22c-1e98-e169-ab96ee36231e">
      <Execution id="ad3f2d9f-143d-4bbc-8ce1-dd55e1e7136a" />
      <TestMethod codeBase="/Users/henrycruzmulet/work/CanalesElectronicos/gestorCampo/code/gestorCampo-api/GestorCampo.Tests/bin/Debug/net8.0/GestorCampo.Tests.dll" adapterTypeName="executor://xunit/VsTestRunner2/netcoreapp" className="GestorCampo.Tests.Auth.AuthServiceTests" name="Refresh_WithExpiredToken_ReturnsFail" />
    </UnitTest>
    <UnitTest name="GestorCampo.Tests.Clients.ClientServiceTests.Create_InvalidVendor_ReturnsFail" storage="/users/henrycruzmulet/work/canaleselectronicos/gestorcampo/code/gestorcampo-api/gestorcampo.tests/bin/debug/net8.0/gestorcampo.tests.dll" id="4e4f5b2a-ffff-710a-d10c-44c7af740593">
      <Execution id="945adac3-fa23-4f23-97e5-a7a6d907ff88" />
      <TestMethod codeBase="/Users/henrycruzmulet/work/CanalesElectronicos/gestorCampo/code/gestorCampo-api/GestorCampo.Tests/bin/Debug/net8.0/GestorCampo.Tests.dll" adapterTypeName="executor://xunit/VsTestRunner2/netcoreapp" className="GestorCampo.Tests.Clients.ClientServiceTests" name="Create_InvalidVendor_ReturnsFail" />
    </UnitTest>
    <UnitTest name="GestorCampo.Tests.Users.UserServiceTests.Update_ValidData_UpdatesNameAndCallsRepository" storage="/users/henrycruzmulet/work/canaleselectronicos/gestorcampo/code/gestorcampo-api/gestorcampo.tests/bin/debug/net8.0/gestorcampo.tests.dll" id="eb9b405d-0dcb-ccd2-43ae-a10a5512987f">
      <Execution id="e7f1d89f-69a9-4eee-aa45-79711b436a87" />
      <TestMethod codeBase="/Users/henrycruzmulet/work/CanalesElectronicos/gestorCampo/code/gestorCampo-api/GestorCampo.Tests/bin/Debug/net8.0/GestorCampo.Tests.dll" adapterTypeName="executor://xunit/VsTestRunner2/netcoreapp" className="GestorCampo.Tests.Users.UserServiceTests" name="Update_ValidData_UpdatesNameAndCallsRepository" />
    </UnitTest>
    <UnitTest name="GestorCampo.Tests.Auth.AuthServiceTests.Login_ExceedingMaxAttempts_LocksAccount" storage="/users/henrycruzmulet/work/canaleselectronicos/gestorcampo/code/gestorcampo-api/gestorcampo.tests/bin/debug/net8.0/gestorcampo.tests.dll" id="fc178495-9f0e-c734-b977-2d3d26e9ec02">
      <Execution id="078736b6-bfb6-431f-bf04-5ef904e295fe" />
      <TestMethod codeBase="/Users/henrycruzmulet/work/CanalesElectronicos/gestorCampo/code/gestorCampo-api/GestorCampo.Tests/bin/Debug/net8.0/GestorCampo.Tests.dll" adapterTypeName="executor://xunit/VsTestRunner2/netcoreapp" className="GestorCampo.Tests.Auth.AuthServiceTests" name="Login_ExceedingMaxAttempts_LocksAccount" />
    </UnitTest>
    <UnitTest name="GestorCampo.Tests.Clients.ClientServiceTests.Create_ValidData_SavesClientAndReturnsResponse" storage="/users/henrycruzmulet/work/canaleselectronicos/gestorcampo/code/gestorcampo-api/gestorcampo.tests/bin/debug/net8.0/gestorcampo.tests.dll" id="aefe71ed-2b79-b429-8152-4df9bee250d0">
      <Execution id="e680859c-efbe-4c56-81e1-1209e059f81f" />
      <TestMethod codeBase="/Users/henrycruzmulet/work/CanalesElectronicos/gestorCampo/code/gestorCampo-api/GestorCampo.Tests/bin/Debug/net8.0/GestorCampo.Tests.dll" adapterTypeName="executor://xunit/VsTestRunner2/netcoreapp" className="GestorCampo.Tests.Clients.ClientServiceTests" name="Create_ValidData_SavesClientAndReturnsResponse" />
    </UnitTest>
    <UnitTest name="GestorCampo.Tests.Users.UserServiceTests.GetById_SupervisorAccessesOwnVendor_ReturnsOk" storage="/users/henrycruzmulet/work/canaleselectronicos/gestorcampo/code/gestorcampo-api/gestorcampo.tests/bin/debug/net8.0/gestorcampo.tests.dll" id="2a38932a-304f-613b-993f-4f3871711775">
      <Execution id="cf05c485-55a0-45ba-9388-187245534282" />
      <TestMethod codeBase="/Users/henrycruzmulet/work/CanalesElectronicos/gestorCampo/code/gestorCampo-api/GestorCampo.Tests/bin/Debug/net8.0/GestorCampo.Tests.dll" adapterTypeName="executor://xunit/VsTestRunner2/netcoreapp" className="GestorCampo.Tests.Users.UserServiceTests" name="GetById_SupervisorAccessesOwnVendor_ReturnsOk" />
    </UnitTest>
    <UnitTest name="GestorCampo.Tests.Products.ProductServiceTests.Delete_ValidProduct_SoftDeletesAndDeactivates" storage="/users/henrycruzmulet/work/canaleselectronicos/gestorcampo/code/gestorcampo-api/gestorcampo.tests/bin/debug/net8.0/gestorcampo.tests.dll" id="d48093c2-71c3-0ff0-ed45-6b9de645bf7a">
      <Execution id="d23a1fd9-840e-498f-b800-73b05c11658c" />
      <TestMethod codeBase="/Users/henrycruzmulet/work/CanalesElectronicos/gestorCampo/code/gestorCampo-api/GestorCampo.Tests/bin/Debug/net8.0/GestorCampo.Tests.dll" adapterTypeName="executor://xunit/VsTestRunner2/netcoreapp" className="GestorCampo.Tests.Products.ProductServiceTests" name="Delete_ValidProduct_SoftDeletesAndDeactivates" />
    </UnitTest>
    <UnitTest name="GestorCampo.Tests.Auth.AuthServiceTests.Login_WithUnknownEmail_ReturnsFail" storage="/users/henrycruzmulet/work/canaleselectronicos/gestorcampo/code/gestorcampo-api/gestorcampo.tests/bin/debug/net8.0/gestorcampo.tests.dll" id="12095b0a-dd52-14a7-39c3-26bd9b61aec3">
      <Execution id="d3584ba0-201b-4bd6-ac81-536bd33d610f" />
      <TestMethod codeBase="/Users/henrycruzmulet/work/CanalesElectronicos/gestorCampo/code/gestorCampo-api/GestorCampo.Tests/bin/Debug/net8.0/GestorCampo.Tests.dll" adapterTypeName="executor://xunit/VsTestRunner2/netcoreapp" className="GestorCampo.Tests.Auth.AuthServiceTests" name="Login_WithUnknownEmail_ReturnsFail" />
    </UnitTest>
    <UnitTest name="GestorCampo.Tests.Users.UserServiceTests.GetList_Supervisor_PassesSupervisorIdAsFilter" storage="/users/henrycruzmulet/work/canaleselectronicos/gestorcampo/code/gestorcampo-api/gestorcampo.tests/bin/debug/net8.0/gestorcampo.tests.dll" id="c587b8c3-02eb-a451-43df-a0d45bececc9">
      <Execution id="6239cca7-6a20-44cf-a4cb-e26068453b8a" />
      <TestMethod codeBase="/Users/henrycruzmulet/work/CanalesElectronicos/gestorCampo/code/gestorCampo-api/GestorCampo.Tests/bin/Debug/net8.0/GestorCampo.Tests.dll" adapterTypeName="executor://xunit/VsTestRunner2/netcoreapp" className="GestorCampo.Tests.Users.UserServiceTests" name="GetList_Supervisor_PassesSupervisorIdAsFilter" />
    </UnitTest>
    <UnitTest name="GestorCampo.Tests.Users.UserServiceTests.Toggle2FA_WhenDisabled_Enables" storage="/users/henrycruzmulet/work/canaleselectronicos/gestorcampo/code/gestorcampo-api/gestorcampo.tests/bin/debug/net8.0/gestorcampo.tests.dll" id="404b394d-39f2-a5fd-a85f-1a88ec6f8d1c">
      <Execution id="0566e0ce-2249-4386-acbc-d6ab2f5c5ea9" />
      <TestMethod codeBase="/Users/henrycruzmulet/work/CanalesElectronicos/gestorCampo/code/gestorCampo-api/GestorCampo.Tests/bin/Debug/net8.0/GestorCampo.Tests.dll" adapterTypeName="executor://xunit/VsTestRunner2/netcoreapp" className="GestorCampo.Tests.Users.UserServiceTests" name="Toggle2FA_WhenDisabled_Enables" />
    </UnitTest>
    <UnitTest name="GestorCampo.Tests.Clients.ClientServiceTests.Delete_ValidClient_SoftDeletesAndDeactivates" storage="/users/henrycruzmulet/work/canaleselectronicos/gestorcampo/code/gestorcampo-api/gestorcampo.tests/bin/debug/net8.0/gestorcampo.tests.dll" id="521e9dd2-0ebd-6488-34f0-5c2f3ef5efb3">
      <Execution id="3175729d-4b44-42d8-bc09-26fd5bfe2648" />
      <TestMethod codeBase="/Users/henrycruzmulet/work/CanalesElectronicos/gestorCampo/code/gestorCampo-api/GestorCampo.Tests/bin/Debug/net8.0/GestorCampo.Tests.dll" adapterTypeName="executor://xunit/VsTestRunner2/netcoreapp" className="GestorCampo.Tests.Clients.ClientServiceTests" name="Delete_ValidClient_SoftDeletesAndDeactivates" />
    </UnitTest>
    <UnitTest name="GestorCampo.Tests.Users.UserServiceTests.Update_NotFound_ReturnsFail" storage="/users/henrycruzmulet/work/canaleselectronicos/gestorcampo/code/gestorcampo-api/gestorcampo.tests/bin/debug/net8.0/gestorcampo.tests.dll" id="2dc25f06-a40d-66ae-f2c7-2b130843f8f5">
      <Execution id="7e52a73e-0524-444b-a015-87973e99128f" />
      <TestMethod codeBase="/Users/henrycruzmulet/work/CanalesElectronicos/gestorCampo/code/gestorCampo-api/GestorCampo.Tests/bin/Debug/net8.0/GestorCampo.Tests.dll" adapterTypeName="executor://xunit/VsTestRunner2/netcoreapp" className="GestorCampo.Tests.Users.UserServiceTests" name="Update_NotFound_ReturnsFail" />
    </UnitTest>
    <UnitTest name="GestorCampo.Tests.Products.ProductServiceTests.Create_DuplicateCode_ReturnsFail" storage="/users/henrycruzmulet/work/canaleselectronicos/gestorcampo/code/gestorcampo-api/gestorcampo.tests/bin/debug/net8.0/gestorcampo.tests.dll" id="c3836afd-ffef-2ea8-6a30-a3fd58d10134">
      <Execution id="be4a9e80-91bf-42ac-9266-dc2efb49378d" />
      <TestMethod codeBase="/Users/henrycruzmulet/work/CanalesElectronicos/gestorCampo/code/gestorCampo-api/GestorCampo.Tests/bin/Debug/net8.0/GestorCampo.Tests.dll" adapterTypeName="executor://xunit/VsTestRunner2/netcoreapp" className="GestorCampo.Tests.Products.ProductServiceTests" name="Create_DuplicateCode_ReturnsFail" />
    </UnitTest>
    <UnitTest name="GestorCampo.Tests.Users.UserServiceTests.Create_ValidData_SavesUserAndSendsVerificationEmail" storage="/users/henrycruzmulet/work/canaleselectronicos/gestorcampo/code/gestorcampo-api/gestorcampo.tests/bin/debug/net8.0/gestorcampo.tests.dll" id="bf73d3ee-7ce5-b5ab-6332-1fbef1818650">
      <Execution id="f85d201e-f1b5-4283-ba69-d6b9d54d634a" />
      <TestMethod codeBase="/Users/henrycruzmulet/work/CanalesElectronicos/gestorCampo/code/gestorCampo-api/GestorCampo.Tests/bin/Debug/net8.0/GestorCampo.Tests.dll" adapterTypeName="executor://xunit/VsTestRunner2/netcoreapp" className="GestorCampo.Tests.Users.UserServiceTests" name="Create_ValidData_SavesUserAndSendsVerificationEmail" />
    </UnitTest>
    <UnitTest name="GestorCampo.Tests.Clients.ClientServiceTests.GetList_Vendor_ForcesVendorIdAsFilter" storage="/users/henrycruzmulet/work/canaleselectronicos/gestorcampo/code/gestorcampo-api/gestorcampo.tests/bin/debug/net8.0/gestorcampo.tests.dll" id="c084ad0f-23b8-abcc-5a22-e0fa71b36392">
      <Execution id="7e6f9983-0cd6-47dd-83e4-63bdd653a604" />
      <TestMethod codeBase="/Users/henrycruzmulet/work/CanalesElectronicos/gestorCampo/code/gestorCampo-api/GestorCampo.Tests/bin/Debug/net8.0/GestorCampo.Tests.dll" adapterTypeName="executor://xunit/VsTestRunner2/netcoreapp" className="GestorCampo.Tests.Clients.ClientServiceTests" name="GetList_Vendor_ForcesVendorIdAsFilter" />
    </UnitTest>
    <UnitTest name="GestorCampo.Tests.Users.UserServiceTests.Update_SupervisorUpdatesUnownedVendor_ReturnsFail" storage="/users/henrycruzmulet/work/canaleselectronicos/gestorcampo/code/gestorcampo-api/gestorcampo.tests/bin/debug/net8.0/gestorcampo.tests.dll" id="e9275bfd-8d52-6891-470f-df87d00ad2ba">
      <Execution id="e199f688-35f6-44b5-93a1-7507b3b0f59e" />
      <TestMethod codeBase="/Users/henrycruzmulet/work/CanalesElectronicos/gestorCampo/code/gestorCampo-api/GestorCampo.Tests/bin/Debug/net8.0/GestorCampo.Tests.dll" adapterTypeName="executor://xunit/VsTestRunner2/netcoreapp" className="GestorCampo.Tests.Users.UserServiceTests" name="Update_SupervisorUpdatesUnownedVendor_ReturnsFail" />
    </UnitTest>
    <UnitTest name="GestorCampo.Tests.Users.UserServiceTests.GetById_NotFound_ReturnsFail" storage="/users/henrycruzmulet/work/canaleselectronicos/gestorcampo/code/gestorcampo-api/gestorcampo.tests/bin/debug/net8.0/gestorcampo.tests.dll" id="a9288a9c-07cb-861b-0374-5757cfe6e66b">
      <Execution id="9fc2d9b1-a18e-4486-aebb-2d5dc7654f48" />
      <TestMethod codeBase="/Users/henrycruzmulet/work/CanalesElectronicos/gestorCampo/code/gestorCampo-api/GestorCampo.Tests/bin/Debug/net8.0/GestorCampo.Tests.dll" adapterTypeName="executor://xunit/VsTestRunner2/netcoreapp" className="GestorCampo.Tests.Users.UserServiceTests" name="GetById_NotFound_ReturnsFail" />
    </UnitTest>
    <UnitTest name="GestorCampo.Tests.Auth.AuthServiceTests.Refresh_WithRevokedToken_RevokesEntireFamily" storage="/users/henrycruzmulet/work/canaleselectronicos/gestorcampo/code/gestorcampo-api/gestorcampo.tests/bin/debug/net8.0/gestorcampo.tests.dll" id="c9f9667b-117e-2a46-8c15-a01e46e2afef">
      <Execution id="56bef432-f70f-470a-8fbc-df1bb610d1ba" />
      <TestMethod codeBase="/Users/henrycruzmulet/work/CanalesElectronicos/gestorCampo/code/gestorCampo-api/GestorCampo.Tests/bin/Debug/net8.0/GestorCampo.Tests.dll" adapterTypeName="executor://xunit/VsTestRunner2/netcoreapp" className="GestorCampo.Tests.Auth.AuthServiceTests" name="Refresh_WithRevokedToken_RevokesEntireFamily" />
    </UnitTest>
    <UnitTest name="GestorCampo.Tests.Products.ProductServiceTests.Update_NotFound_ReturnsFail" storage="/users/henrycruzmulet/work/canaleselectronicos/gestorcampo/code/gestorcampo-api/gestorcampo.tests/bin/debug/net8.0/gestorcampo.tests.dll" id="d8f24da5-dcda-d679-5739-5ecac2fa6ff8">
      <Execution id="5a8a4253-4b54-468c-8145-21ef48dab5ad" />
      <TestMethod codeBase="/Users/henrycruzmulet/work/CanalesElectronicos/gestorCampo/code/gestorCampo-api/GestorCampo.Tests/bin/Debug/net8.0/GestorCampo.Tests.dll" adapterTypeName="executor://xunit/VsTestRunner2/netcoreapp" className="GestorCampo.Tests.Products.ProductServiceTests" name="Update_NotFound_ReturnsFail" />
    </UnitTest>
    <UnitTest name="GestorCampo.Tests.Auth.AuthServiceTests.ResetPassword_WithValidToken_UpdatesPassword" storage="/users/henrycruzmulet/work/canaleselectronicos/gestorcampo/code/gestorcampo-api/gestorcampo.tests/bin/debug/net8.0/gestorcampo.tests.dll" id="73923991-d4b5-af5d-a4ef-b57e8b5f269b">
      <Execution id="bd9e763e-9a7c-457f-a661-2be314d59fc9" />
      <TestMethod codeBase="/Users/henrycruzmulet/work/CanalesElectronicos/gestorCampo/code/gestorCampo-api/GestorCampo.Tests/bin/Debug/net8.0/GestorCampo.Tests.dll" adapterTypeName="executor://xunit/VsTestRunner2/netcoreapp" className="GestorCampo.Tests.Auth.AuthServiceTests" name="ResetPassword_WithValidToken_UpdatesPassword" />
    </UnitTest>
    <UnitTest name="GestorCampo.Tests.Auth.AuthServiceTests.Refresh_WithValidToken_ReturnsNewTokens" storage="/users/henrycruzmulet/work/canaleselectronicos/gestorcampo/code/gestorcampo-api/gestorcampo.tests/bin/debug/net8.0/gestorcampo.tests.dll" id="d11f837f-fef3-574a-9dae-82c0cc1c6477">
      <Execution id="b92368cc-40b9-487d-b433-a48fdc6d08b4" />
      <TestMethod codeBase="/Users/henrycruzmulet/work/CanalesElectronicos/gestorCampo/code/gestorCampo-api/GestorCampo.Tests/bin/Debug/net8.0/GestorCampo.Tests.dll" adapterTypeName="executor://xunit/VsTestRunner2/netcoreapp" className="GestorCampo.Tests.Auth.AuthServiceTests" name="Refresh_WithValidToken_ReturnsNewTokens" />
    </UnitTest>
    <UnitTest name="GestorCampo.Tests.Products.ProductServiceTests.GetList_PassesFiltersToRepository" storage="/users/henrycruzmulet/work/canaleselectronicos/gestorcampo/code/gestorcampo-api/gestorcampo.tests/bin/debug/net8.0/gestorcampo.tests.dll" id="499f7af5-5353-6940-90f1-41f9a89f5f76">
      <Execution id="1187cf02-63d4-4fd3-baa2-dad2da92e743" />
      <TestMethod codeBase="/Users/henrycruzmulet/work/CanalesElectronicos/gestorCampo/code/gestorCampo-api/GestorCampo.Tests/bin/Debug/net8.0/GestorCampo.Tests.dll" adapterTypeName="executor://xunit/VsTestRunner2/netcoreapp" className="GestorCampo.Tests.Products.ProductServiceTests" name="GetList_PassesFiltersToRepository" />
    </UnitTest>
    <UnitTest name="GestorCampo.Tests.Auth.AuthServiceTests.VerifyEmail_WithValidToken_ActivatesAccount" storage="/users/henrycruzmulet/work/canaleselectronicos/gestorcampo/code/gestorcampo-api/gestorcampo.tests/bin/debug/net8.0/gestorcampo.tests.dll" id="e3f69f12-b91b-4adb-ecb2-c6a99c112bc0">
      <Execution id="bd352624-ead9-4a84-aa91-21d403817187" />
      <TestMethod codeBase="/Users/henrycruzmulet/work/CanalesElectronicos/gestorCampo/code/gestorCampo-api/GestorCampo.Tests/bin/Debug/net8.0/GestorCampo.Tests.dll" adapterTypeName="executor://xunit/VsTestRunner2/netcoreapp" className="GestorCampo.Tests.Auth.AuthServiceTests" name="VerifyEmail_WithValidToken_ActivatesAccount" />
    </UnitTest>
    <UnitTest name="GestorCampo.Tests.Auth.AuthServiceTests.Login_WithWrongPassword_ReturnsFail" storage="/users/henrycruzmulet/work/canaleselectronicos/gestorcampo/code/gestorcampo-api/gestorcampo.tests/bin/debug/net8.0/gestorcampo.tests.dll" id="98bea87b-53db-18b2-48bf-0ec7f7034571">
      <Execution id="94b0c501-505c-406d-99cd-a660a4300574" />
      <TestMethod codeBase="/Users/henrycruzmulet/work/CanalesElectronicos/gestorCampo/code/gestorCampo-api/GestorCampo.Tests/bin/Debug/net8.0/GestorCampo.Tests.dll" adapterTypeName="executor://xunit/VsTestRunner2/netcoreapp" className="GestorCampo.Tests.Auth.AuthServiceTests" name="Login_WithWrongPassword_ReturnsFail" />
    </UnitTest>
    <UnitTest name="GestorCampo.Tests.Clients.ClientServiceTests.GetById_VendorAccessesOwnClient_ReturnsOk" storage="/users/henrycruzmulet/work/canaleselectronicos/gestorcampo/code/gestorcampo-api/gestorcampo.tests/bin/debug/net8.0/gestorcampo.tests.dll" id="fbe02319-f4f0-9e46-cb3e-9e4d1bda6fa0">
      <Execution id="8ca5837c-a03e-4bff-ab3f-139e5509259f" />
      <TestMethod codeBase="/Users/henrycruzmulet/work/CanalesElectronicos/gestorCampo/code/gestorCampo-api/GestorCampo.Tests/bin/Debug/net8.0/GestorCampo.Tests.dll" adapterTypeName="executor://xunit/VsTestRunner2/netcoreapp" className="GestorCampo.Tests.Clients.ClientServiceTests" name="GetById_VendorAccessesOwnClient_ReturnsOk" />
    </UnitTest>
  </TestDefinitions>
  <TestEntries>
    <TestEntry testId="11b3c2d4-08f2-f5eb-bef4-1aeabdd49f3d" executionId="67be5955-4e42-4903-a859-0f332eafad52" testListId="8c84fa94-04c1-424b-9868-57a2d4851a1d" />
    <TestEntry testId="088683b2-a9d3-ef0b-e6ad-6a61c597dc7f" executionId="9d9e924c-2348-4528-bef7-b0e2e8aa6c4c" testListId="8c84fa94-04c1-424b-9868-57a2d4851a1d" />
    <TestEntry testId="25da81aa-c336-44f6-6cfc-d20c0f541025" executionId="5fe4f612-113b-4a73-a240-a011ae2741f5" testListId="8c84fa94-04c1-424b-9868-57a2d4851a1d" />
    <TestEntry testId="a921c39b-0eed-0668-ff59-9224e05f8eeb" executionId="9939872e-474d-4f3c-b591-eb4d9ce39fb8" testListId="8c84fa94-04c1-424b-9868-57a2d4851a1d" />
    <TestEntry testId="b703d022-d280-ec73-87d0-a4b5a49e5d53" executionId="7644d89e-8130-431c-8908-5bf7a4d6d78b" testListId="8c84fa94-04c1-424b-9868-57a2d4851a1d" />
    <TestEntry testId="58d9d6ee-9d85-a98d-8fba-809ba4a51f33" executionId="b5d7549d-b28d-44d6-8755-d46709f5313e" testListId="8c84fa94-04c1-424b-9868-57a2d4851a1d" />
    <TestEntry testId="1e77820f-048d-6ed9-ac6f-0851dbd301e2" executionId="fbfe4312-58a3-4835-9363-7ee48ffed166" testListId="8c84fa94-04c1-424b-9868-57a2d4851a1d" />
    <TestEntry testId="404b394d-39f2-a5fd-a85f-1a88ec6f8d1c" executionId="0566e0ce-2249-4386-acbc-d6ab2f5c5ea9" testListId="8c84fa94-04c1-424b-9868-57a2d4851a1d" />
    <TestEntry testId="aa17b198-a9fb-a8c7-4d46-98e5ade0e3f2" executionId="0b0bb02b-a755-4a02-be96-72080f6d61aa" testListId="8c84fa94-04c1-424b-9868-57a2d4851a1d" />
    <TestEntry testId="0530a7c8-889d-e023-8d7b-b55975d38ca1" executionId="285a160f-08be-4781-9947-ee02875a002a" testListId="8c84fa94-04c1-424b-9868-57a2d4851a1d" />
    <TestEntry testId="c084ad0f-23b8-abcc-5a22-e0fa71b36392" executionId="7e6f9983-0cd6-47dd-83e4-63bdd653a604" testListId="8c84fa94-04c1-424b-9868-57a2d4851a1d" />
    <TestEntry testId="fbe02319-f4f0-9e46-cb3e-9e4d1bda6fa0" executionId="8ca5837c-a03e-4bff-ab3f-139e5509259f" testListId="8c84fa94-04c1-424b-9868-57a2d4851a1d" />
    <TestEntry testId="8cea57cc-40ea-4b3c-da3a-ebd02c72da22" executionId="11cf9ae8-5a8b-46b9-8e1a-c3ef03eb0403" testListId="8c84fa94-04c1-424b-9868-57a2d4851a1d" />
    <TestEntry testId="a02a2bbb-1613-c85b-702e-ebc8a31fdfd6" executionId="ae60b60d-f9cd-41da-a69f-a14c5560f5e0" testListId="8c84fa94-04c1-424b-9868-57a2d4851a1d" />
    <TestEntry testId="eb9b405d-0dcb-ccd2-43ae-a10a5512987f" executionId="e7f1d89f-69a9-4eee-aa45-79711b436a87" testListId="8c84fa94-04c1-424b-9868-57a2d4851a1d" />
    <TestEntry testId="4f598eb4-b22c-1e98-e169-ab96ee36231e" executionId="ad3f2d9f-143d-4bbc-8ce1-dd55e1e7136a" testListId="8c84fa94-04c1-424b-9868-57a2d4851a1d" />
    <TestEntry testId="78d8a0ec-07d5-3150-a946-c840a5081746" executionId="60a1f1db-d17d-480d-8c64-4b5ab522bb74" testListId="8c84fa94-04c1-424b-9868-57a2d4851a1d" />
    <TestEntry testId="1fc57069-2043-4355-cff9-ffaf5037d5a9" executionId="c4811dfc-58c7-428d-ac39-32194b14c6a9" testListId="8c84fa94-04c1-424b-9868-57a2d4851a1d" />
    <TestEntry testId="9672c21e-f8fe-2670-ff9d-5d24c2652d26" executionId="8e1961a2-8e40-42cc-b34d-d09101f10d5e" testListId="8c84fa94-04c1-424b-9868-57a2d4851a1d" />
    <TestEntry testId="d0615311-78fb-7537-77b7-d697c74a2630" executionId="8979aef9-d394-40c4-8ce9-477f3410a2f7" testListId="8c84fa94-04c1-424b-9868-57a2d4851a1d" />
    <TestEntry testId="43b745f1-c39e-7dfc-4b95-7adec980b5f5" executionId="27a59fc3-4ec6-4783-9a58-92c65c3b6e48" testListId="8c84fa94-04c1-424b-9868-57a2d4851a1d" />
    <TestEntry testId="d11f837f-fef3-574a-9dae-82c0cc1c6477" executionId="b92368cc-40b9-487d-b433-a48fdc6d08b4" testListId="8c84fa94-04c1-424b-9868-57a2d4851a1d" />
    <TestEntry testId="499f7af5-5353-6940-90f1-41f9a89f5f76" executionId="1187cf02-63d4-4fd3-baa2-dad2da92e743" testListId="8c84fa94-04c1-424b-9868-57a2d4851a1d" />
    <TestEntry testId="b95f18a4-9666-01ce-a3e4-cf220f071927" executionId="25721d80-4772-44e9-ae80-501a8aba5d74" testListId="8c84fa94-04c1-424b-9868-57a2d4851a1d" />
    <TestEntry testId="77e6bd50-8643-c1d6-52eb-14a78af1661c" executionId="a5bd5fd6-1c9e-42df-aead-5a96662facbd" testListId="8c84fa94-04c1-424b-9868-57a2d4851a1d" />
    <TestEntry testId="58543d8d-be7b-0429-e828-c6208022c9dd" executionId="a390d6e3-5b83-4706-a228-e9472ec24c08" testListId="8c84fa94-04c1-424b-9868-57a2d4851a1d" />
    <TestEntry testId="c3836afd-ffef-2ea8-6a30-a3fd58d10134" executionId="be4a9e80-91bf-42ac-9266-dc2efb49378d" testListId="8c84fa94-04c1-424b-9868-57a2d4851a1d" />
    <TestEntry testId="2dc25f06-a40d-66ae-f2c7-2b130843f8f5" executionId="7e52a73e-0524-444b-a015-87973e99128f" testListId="8c84fa94-04c1-424b-9868-57a2d4851a1d" />
    <TestEntry testId="98bea87b-53db-18b2-48bf-0ec7f7034571" executionId="94b0c501-505c-406d-99cd-a660a4300574" testListId="8c84fa94-04c1-424b-9868-57a2d4851a1d" />
    <TestEntry testId="a9288a9c-07cb-861b-0374-5757cfe6e66b" executionId="9fc2d9b1-a18e-4486-aebb-2d5dc7654f48" testListId="8c84fa94-04c1-424b-9868-57a2d4851a1d" />
    <TestEntry testId="a88bc140-79ff-01e1-7501-58e5e732af03" executionId="4d681abd-6e22-4fad-8758-fc75e3cfcb77" testListId="8c84fa94-04c1-424b-9868-57a2d4851a1d" />
    <TestEntry testId="c437c93c-7398-a4de-c2a1-1e8a60687060" executionId="633467f2-60fc-4b61-845a-54c83dce3017" testListId="8c84fa94-04c1-424b-9868-57a2d4851a1d" />
    <TestEntry testId="041e3168-5b02-56b6-d4cb-c9df719304a0" executionId="99eb75ee-416e-41db-9b4f-a2fd49d31b1f" testListId="8c84fa94-04c1-424b-9868-57a2d4851a1d" />
    <TestEntry testId="73923991-d4b5-af5d-a4ef-b57e8b5f269b" executionId="bd9e763e-9a7c-457f-a661-2be314d59fc9" testListId="8c84fa94-04c1-424b-9868-57a2d4851a1d" />
    <TestEntry testId="521e9dd2-0ebd-6488-34f0-5c2f3ef5efb3" executionId="3175729d-4b44-42d8-bc09-26fd5bfe2648" testListId="8c84fa94-04c1-424b-9868-57a2d4851a1d" />
    <TestEntry testId="610dca7d-fbd6-c0de-e99c-9fbc72339f14" executionId="a31390da-f3d9-4451-bb6f-3e621dfd1d67" testListId="8c84fa94-04c1-424b-9868-57a2d4851a1d" />
    <TestEntry testId="e3f69f12-b91b-4adb-ecb2-c6a99c112bc0" executionId="bd352624-ead9-4a84-aa91-21d403817187" testListId="8c84fa94-04c1-424b-9868-57a2d4851a1d" />
    <TestEntry testId="fc178495-9f0e-c734-b977-2d3d26e9ec02" executionId="078736b6-bfb6-431f-bf04-5ef904e295fe" testListId="8c84fa94-04c1-424b-9868-57a2d4851a1d" />
    <TestEntry testId="b9a9282c-2b44-89ba-7a28-a9c6ed2f1242" executionId="4ae6ce68-b8a9-4b4e-94de-94bc696f43ad" testListId="8c84fa94-04c1-424b-9868-57a2d4851a1d" />
    <TestEntry testId="570d8f6f-b688-cc63-9c15-84b5c22708c4" executionId="972d8bde-b25a-4d21-9d07-d2bb7677c695" testListId="8c84fa94-04c1-424b-9868-57a2d4851a1d" />
    <TestEntry testId="c587b8c3-02eb-a451-43df-a0d45bececc9" executionId="6239cca7-6a20-44cf-a4cb-e26068453b8a" testListId="8c84fa94-04c1-424b-9868-57a2d4851a1d" />
    <TestEntry testId="44b950af-469e-67c9-d9d1-3a270aafd9c4" executionId="fe8c0519-f9bb-4d99-b133-8f80a5ce6774" testListId="8c84fa94-04c1-424b-9868-57a2d4851a1d" />
    <TestEntry testId="e9275bfd-8d52-6891-470f-df87d00ad2ba" executionId="e199f688-35f6-44b5-93a1-7507b3b0f59e" testListId="8c84fa94-04c1-424b-9868-57a2d4851a1d" />
    <TestEntry testId="4ffcc99b-1ac4-5cee-d1b7-ef55012e7cc3" executionId="dd3315da-e09c-4488-9280-ca575d27348e" testListId="8c84fa94-04c1-424b-9868-57a2d4851a1d" />
    <TestEntry testId="aefe71ed-2b79-b429-8152-4df9bee250d0" executionId="e680859c-efbe-4c56-81e1-1209e059f81f" testListId="8c84fa94-04c1-424b-9868-57a2d4851a1d" />
    <TestEntry testId="6a908279-0bf4-040e-ff7a-11d6fc6a206c" executionId="ad6b491b-4513-48f4-9bda-60f5348fc79c" testListId="8c84fa94-04c1-424b-9868-57a2d4851a1d" />
    <TestEntry testId="12095b0a-dd52-14a7-39c3-26bd9b61aec3" executionId="d3584ba0-201b-4bd6-ac81-536bd33d610f" testListId="8c84fa94-04c1-424b-9868-57a2d4851a1d" />
    <TestEntry testId="4e4f5b2a-ffff-710a-d10c-44c7af740593" executionId="945adac3-fa23-4f23-97e5-a7a6d907ff88" testListId="8c84fa94-04c1-424b-9868-57a2d4851a1d" />
    <TestEntry testId="0859534f-39af-2f69-f2f9-3b6c33433e8b" executionId="cef04bd8-1bd6-4447-81ee-d577c5d633b4" testListId="8c84fa94-04c1-424b-9868-57a2d4851a1d" />
    <TestEntry testId="8881e70b-faf7-21f3-0099-57ae3a4253a0" executionId="deae9bb0-5a3b-4cfc-bb8b-441b7e925616" testListId="8c84fa94-04c1-424b-9868-57a2d4851a1d" />
    <TestEntry testId="38eac131-4e6b-7a53-18f9-f71aaa03fca8" executionId="a5d75768-1fd1-4181-bd01-42fe8200c009" testListId="8c84fa94-04c1-424b-9868-57a2d4851a1d" />
    <TestEntry testId="9e89f6a8-b925-53ea-c27b-1058ebecf479" executionId="e2033c34-52cc-46ff-a5aa-837c1cac65bd" testListId="8c84fa94-04c1-424b-9868-57a2d4851a1d" />
    <TestEntry testId="d76bb548-246e-4894-f2a1-0e2aa8dcac2e" executionId="f418caee-d98b-4ea4-9e88-1492d400461a" testListId="8c84fa94-04c1-424b-9868-57a2d4851a1d" />
    <TestEntry testId="f55bad98-2993-e0b0-ce5a-18d88de3fe96" executionId="97ac96a0-c9ca-4a88-9426-d9d135144669" testListId="8c84fa94-04c1-424b-9868-57a2d4851a1d" />
    <TestEntry testId="d48093c2-71c3-0ff0-ed45-6b9de645bf7a" executionId="d23a1fd9-840e-498f-b800-73b05c11658c" testListId="8c84fa94-04c1-424b-9868-57a2d4851a1d" />
    <TestEntry testId="d75f6e65-cfff-e9e2-2dbf-6129f25c175e" executionId="0d221f91-b9db-4300-bf37-321f782eacc7" testListId="8c84fa94-04c1-424b-9868-57a2d4851a1d" />
    <TestEntry testId="2a38932a-304f-613b-993f-4f3871711775" executionId="cf05c485-55a0-45ba-9388-187245534282" testListId="8c84fa94-04c1-424b-9868-57a2d4851a1d" />
    <TestEntry testId="c9f9667b-117e-2a46-8c15-a01e46e2afef" executionId="56bef432-f70f-470a-8fbc-df1bb610d1ba" testListId="8c84fa94-04c1-424b-9868-57a2d4851a1d" />
    <TestEntry testId="05ad9803-0705-502d-d793-bb08b47e4669" executionId="06778ae2-18b5-4d2a-a897-9d50fe06bd6a" testListId="8c84fa94-04c1-424b-9868-57a2d4851a1d" />
    <TestEntry testId="d8f24da5-dcda-d679-5739-5ecac2fa6ff8" executionId="5a8a4253-4b54-468c-8145-21ef48dab5ad" testListId="8c84fa94-04c1-424b-9868-57a2d4851a1d" />
    <TestEntry testId="bf73d3ee-7ce5-b5ab-6332-1fbef1818650" executionId="f85d201e-f1b5-4283-ba69-d6b9d54d634a" testListId="8c84fa94-04c1-424b-9868-57a2d4851a1d" />
  </TestEntries>
  <TestLists>
    <TestList name="Results Not in a List" id="8c84fa94-04c1-424b-9868-57a2d4851a1d" />
    <TestList name="All Loaded Results" id="19431567-8539-422a-85d7-44ee4e166bda" />
  </TestLists>
  <ResultSummary outcome="Completed">
    <Counters total="61" executed="61" passed="61" failed="0" error="0" timeout="0" aborted="0" inconclusive="0" passedButRunAborted="0" notRunnable="0" notExecuted="0" disconnected="0" warning="0" completed="0" inProgress="0" pending="0" />
    <Output>
      <StdOut>[xUnit.net 00:00:00.00] xUnit.net VSTest Adapter v2.4.5+1caef2f33e (64-bit .NET 8.0.0)
[xUnit.net 00:00:00.41]   Discovering: GestorCampo.Tests
[xUnit.net 00:00:00.43]   Discovered:  GestorCampo.Tests
[xUnit.net 00:00:00.43]   Starting:    GestorCampo.Tests
     Warning:
     The component "Fluent Assertions" is governed by the rules defined in the Xceed License Agreement and
     the Xceed Fluent Assertions Community License. You may use Fluent Assertions free of charge for
     non-commercial use only. An active subscription is required to use Fluent Assertions for commercial use.
     Please contact Xceed Sales mailto:sales@xceed.com to acquire a subscription at a very low cost.
     A paid commercial license supports the development and continued increasing support of
     Fluent Assertions users under both commercial and community licenses. Help us
     keep Fluent Assertions at the forefront of unit testing.
     For more information, visit https://xceed.com/products/unit-testing/fluent-assertions/
[xUnit.net 00:00:00.52]   Finished:    GestorCampo.Tests
</StdOut>
    </Output>
  </ResultSummary>
</TestRun>